../Core/Src/main.c:118:5:main	16	static
../Core/Src/main.c:251:6:SystemClock_Config	120	static
../Core/Src/main.c:314:6:PeriphCommonClock_Config	208	static
../Core/Src/main.c:341:13:MX_USART1_UART_Init	8	static
../Core/Src/main.c:389:13:MX_USART2_UART_Init	8	static
../Core/Src/main.c:437:13:MX_GPIO_Init	56	static
../Core/Src/main.c:492:6:StartDefaultTask	16	static
../Core/Src/main.c:510:6:StarLEDTask	16	static
../Core/Src/main.c:534:6:StartUart1Task	40	static
../Core/Src/main.c:559:6:Error_Handler	4	static,ignoring_inline_asm
