Archive member included to satisfy reference by file (symbol)

C:/ST/STM32CubeIDE_1.16.1/STM32CubeIDE/plugins/com.st.stm32cube.ide.mcu.externaltools.gnu-tools-for-stm32.13.3.rel1.win32_1.0.0.202411081344/tools/bin/../lib/gcc/arm-none-eabi/13.3.1/../../../../arm-none-eabi/lib/thumb/v7e-m+dp/hard\libc_nano.a(libc_a-exit.o)
                              C:/ST/STM32CubeIDE_1.16.1/STM32CubeIDE/plugins/com.st.stm32cube.ide.mcu.externaltools.gnu-tools-for-stm32.13.3.rel1.win32_1.0.0.202411081344/tools/bin/../lib/gcc/arm-none-eabi/13.3.1/../../../../arm-none-eabi/lib/thumb/v7e-m+dp/hard/crt0.o (exit)
C:/ST/STM32CubeIDE_1.16.1/STM32CubeIDE/plugins/com.st.stm32cube.ide.mcu.externaltools.gnu-tools-for-stm32.13.3.rel1.win32_1.0.0.202411081344/tools/bin/../lib/gcc/arm-none-eabi/13.3.1/../../../../arm-none-eabi/lib/thumb/v7e-m+dp/hard\libc_nano.a(libc_a-findfp.o)
                              C:/ST/STM32CubeIDE_1.16.1/STM32CubeIDE/plugins/com.st.stm32cube.ide.mcu.externaltools.gnu-tools-for-stm32.13.3.rel1.win32_1.0.0.202411081344/tools/bin/../lib/gcc/arm-none-eabi/13.3.1/../../../../arm-none-eabi/lib/thumb/v7e-m+dp/hard\libc_nano.a(libc_a-exit.o) (__stdio_exit_handler)
C:/ST/STM32CubeIDE_1.16.1/STM32CubeIDE/plugins/com.st.stm32cube.ide.mcu.externaltools.gnu-tools-for-stm32.13.3.rel1.win32_1.0.0.202411081344/tools/bin/../lib/gcc/arm-none-eabi/13.3.1/../../../../arm-none-eabi/lib/thumb/v7e-m+dp/hard\libc_nano.a(libc_a-fwalk.o)
                              C:/ST/STM32CubeIDE_1.16.1/STM32CubeIDE/plugins/com.st.stm32cube.ide.mcu.externaltools.gnu-tools-for-stm32.13.3.rel1.win32_1.0.0.202411081344/tools/bin/../lib/gcc/arm-none-eabi/13.3.1/../../../../arm-none-eabi/lib/thumb/v7e-m+dp/hard\libc_nano.a(libc_a-findfp.o) (_fwalk_sglue)
C:/ST/STM32CubeIDE_1.16.1/STM32CubeIDE/plugins/com.st.stm32cube.ide.mcu.externaltools.gnu-tools-for-stm32.13.3.rel1.win32_1.0.0.202411081344/tools/bin/../lib/gcc/arm-none-eabi/13.3.1/../../../../arm-none-eabi/lib/thumb/v7e-m+dp/hard\libc_nano.a(libc_a-stdio.o)
                              C:/ST/STM32CubeIDE_1.16.1/STM32CubeIDE/plugins/com.st.stm32cube.ide.mcu.externaltools.gnu-tools-for-stm32.13.3.rel1.win32_1.0.0.202411081344/tools/bin/../lib/gcc/arm-none-eabi/13.3.1/../../../../arm-none-eabi/lib/thumb/v7e-m+dp/hard\libc_nano.a(libc_a-findfp.o) (__sread)
C:/ST/STM32CubeIDE_1.16.1/STM32CubeIDE/plugins/com.st.stm32cube.ide.mcu.externaltools.gnu-tools-for-stm32.13.3.rel1.win32_1.0.0.202411081344/tools/bin/../lib/gcc/arm-none-eabi/13.3.1/../../../../arm-none-eabi/lib/thumb/v7e-m+dp/hard\libc_nano.a(libc_a-memset.o)
                              C:/ST/STM32CubeIDE_1.16.1/STM32CubeIDE/plugins/com.st.stm32cube.ide.mcu.externaltools.gnu-tools-for-stm32.13.3.rel1.win32_1.0.0.202411081344/tools/bin/../lib/gcc/arm-none-eabi/13.3.1/../../../../arm-none-eabi/lib/thumb/v7e-m+dp/hard/crt0.o (memset)
C:/ST/STM32CubeIDE_1.16.1/STM32CubeIDE/plugins/com.st.stm32cube.ide.mcu.externaltools.gnu-tools-for-stm32.13.3.rel1.win32_1.0.0.202411081344/tools/bin/../lib/gcc/arm-none-eabi/13.3.1/../../../../arm-none-eabi/lib/thumb/v7e-m+dp/hard\libc_nano.a(libc_a-closer.o)
                              C:/ST/STM32CubeIDE_1.16.1/STM32CubeIDE/plugins/com.st.stm32cube.ide.mcu.externaltools.gnu-tools-for-stm32.13.3.rel1.win32_1.0.0.202411081344/tools/bin/../lib/gcc/arm-none-eabi/13.3.1/../../../../arm-none-eabi/lib/thumb/v7e-m+dp/hard\libc_nano.a(libc_a-stdio.o) (_close_r)
C:/ST/STM32CubeIDE_1.16.1/STM32CubeIDE/plugins/com.st.stm32cube.ide.mcu.externaltools.gnu-tools-for-stm32.13.3.rel1.win32_1.0.0.202411081344/tools/bin/../lib/gcc/arm-none-eabi/13.3.1/../../../../arm-none-eabi/lib/thumb/v7e-m+dp/hard\libc_nano.a(libc_a-reent.o)
                              C:/ST/STM32CubeIDE_1.16.1/STM32CubeIDE/plugins/com.st.stm32cube.ide.mcu.externaltools.gnu-tools-for-stm32.13.3.rel1.win32_1.0.0.202411081344/tools/bin/../lib/gcc/arm-none-eabi/13.3.1/../../../../arm-none-eabi/lib/thumb/v7e-m+dp/hard\libc_nano.a(libc_a-closer.o) (errno)
C:/ST/STM32CubeIDE_1.16.1/STM32CubeIDE/plugins/com.st.stm32cube.ide.mcu.externaltools.gnu-tools-for-stm32.13.3.rel1.win32_1.0.0.202411081344/tools/bin/../lib/gcc/arm-none-eabi/13.3.1/../../../../arm-none-eabi/lib/thumb/v7e-m+dp/hard\libc_nano.a(libc_a-impure.o)
                              C:/ST/STM32CubeIDE_1.16.1/STM32CubeIDE/plugins/com.st.stm32cube.ide.mcu.externaltools.gnu-tools-for-stm32.13.3.rel1.win32_1.0.0.202411081344/tools/bin/../lib/gcc/arm-none-eabi/13.3.1/../../../../arm-none-eabi/lib/thumb/v7e-m+dp/hard\libc_nano.a(libc_a-reent.o) (_impure_ptr)
C:/ST/STM32CubeIDE_1.16.1/STM32CubeIDE/plugins/com.st.stm32cube.ide.mcu.externaltools.gnu-tools-for-stm32.13.3.rel1.win32_1.0.0.202411081344/tools/bin/../lib/gcc/arm-none-eabi/13.3.1/../../../../arm-none-eabi/lib/thumb/v7e-m+dp/hard\libc_nano.a(libc_a-lseekr.o)
[...]
Memory Configuration

Name             Origin             Length             Attributes
RAM_D1           0x24000000         0x00080000         xrw
FLASH            0x08000000         0x00100000         xr
DTCMRAM          0x20000000         0x00020000         xrw
RAM_D2           0x30000000         0x00048000         xrw
RAM_D3           0x38000000         0x00010000         xrw
ITCMRAM          0x00000000         0x00010000         xrw
*default*        0x00000000         0xffffffff

Linker script and memory map

LOAD C:/ST/STM32CubeIDE_1.16.1/STM32CubeIDE/plugins/com.st.stm32cube.ide.mcu.externaltools.gnu-tools-for-stm32.13.3.rel1.win32_1.0.0.202411081344/tools/bin/../lib/gcc/arm-none-eabi/13.3.1/thumb/v7e-m+dp/hard/crti.o
LOAD C:/ST/STM32CubeIDE_1.16.1/STM32CubeIDE/plugins/com.st.stm32cube.ide.mcu.externaltools.gnu-tools-for-stm32.13.3.rel1.win32_1.0.0.202411081344/tools/bin/../lib/gcc/arm-none-eabi/13.3.1/thumb/v7e-m+dp/hard/crtbegin.o
LOAD C:/ST/STM32CubeIDE_1.16.1/STM32CubeIDE/plugins/com.st.stm32cube.ide.mcu.externaltools.gnu-tools-for-stm32.13.3.rel1.win32_1.0.0.202411081344/tools/bin/../lib/gcc/arm-none-eabi/13.3.1/../../../../arm-none-eabi/lib/thumb/v7e-m+dp/hard/crt0.o
LOAD ./Common/Src/system_stm32h7xx_dualcore_boot_cm4_cm7.o
LOAD ./Core/Src/freertos.o
LOAD ./Core/Src/main.o
LOAD ./Core/Src/stm32h7xx_hal_msp.o
LOAD ./Core/Src/stm32h7xx_it.o
LOAD ./Core/Src/syscalls.o
LOAD ./Core/Src/sysmem.o
LOAD ./Core/Startup/startup_stm32h747xihx.o
LOAD ./Drivers/STM32H7xx_HAL_Driver/stm32h7xx_hal.o
LOAD ./Drivers/STM32H7xx_HAL_Driver/stm32h7xx_hal_cortex.o
LOAD ./Drivers/STM32H7xx_HAL_Driver/stm32h7xx_hal_dma.o
LOAD ./Drivers/STM32H7xx_HAL_Driver/stm32h7xx_hal_dma_ex.o
LOAD ./Drivers/STM32H7xx_HAL_Driver/stm32h7xx_hal_exti.o
LOAD ./Drivers/STM32H7xx_HAL_Driver/stm32h7xx_hal_flash.o
LOAD ./Drivers/STM32H7xx_HAL_Driver/stm32h7xx_hal_flash_ex.o
LOAD ./Drivers/STM32H7xx_HAL_Driver/stm32h7xx_hal_gpio.o
LOAD ./Drivers/STM32H7xx_HAL_Driver/stm32h7xx_hal_hsem.o
LOAD ./Drivers/STM32H7xx_HAL_Driver/stm32h7xx_hal_i2c.o
LOAD ./Drivers/STM32H7xx_HAL_Driver/stm32h7xx_hal_i2c_ex.o
LOAD ./Drivers/STM32H7xx_HAL_Driver/stm32h7xx_hal_mdma.o
LOAD ./Drivers/STM32H7xx_HAL_Driver/stm32h7xx_hal_pwr.o
LOAD ./Drivers/STM32H7xx_HAL_Driver/stm32h7xx_hal_pwr_ex.o
LOAD ./Drivers/STM32H7xx_HAL_Driver/stm32h7xx_hal_rcc.o
LOAD ./Drivers/STM32H7xx_HAL_Driver/stm32h7xx_hal_rcc_ex.o
LOAD ./Drivers/STM32H7xx_HAL_Driver/stm32h7xx_hal_tim.o
LOAD ./Drivers/STM32H7xx_HAL_Driver/stm32h7xx_hal_tim_ex.o
LOAD ./Drivers/STM32H7xx_HAL_Driver/stm32h7xx_hal_uart.o
LOAD ./Drivers/STM32H7xx_HAL_Driver/stm32h7xx_hal_uart_ex.o
LOAD ./Middlewares/Third_Party/FreeRTOS/cmsis_os2.o
LOAD ./Middlewares/Third_Party/FreeRTOS/croutine.o
LOAD ./Middlewares/Third_Party/FreeRTOS/event_groups.o
LOAD ./Middlewares/Third_Party/FreeRTOS/heap_4.o
LOAD ./Middlewares/Third_Party/FreeRTOS/list.o
LOAD ./Middlewares/Third_Party/FreeRTOS/port.o
LOAD ./Middlewares/Third_Party/FreeRTOS/queue.o
LOAD ./Middlewares/Third_Party/FreeRTOS/stream_buffer.o
LOAD ./Middlewares/Third_Party/FreeRTOS/tasks.o
LOAD ./Middlewares/Third_Party/FreeRTOS/timers.o
START GROUP
LOAD C:/ST/STM32CubeIDE_1.16.1/STM32CubeIDE/plugins/com.st.stm32cube.ide.mcu.externaltools.gnu-tools-for-stm32.13.3.rel1.win32_1.0.0.202411081344/tools/bin/../lib/gcc/arm-none-eabi/13.3.1/../../../../arm-none-eabi/lib/thumb/v7e-m+dp/hard\libc_nano.a
LOAD C:/ST/STM32CubeIDE_1.16.1/STM32CubeIDE/plugins/com.st.stm32cube.ide.mcu.externaltools.gnu-tools-for-stm32.13.3.rel1.win32_1.0.0.202411081344/tools/bin/../lib/gcc/arm-none-eabi/13.3.1/../../../../arm-none-eabi/lib/thumb/v7e-m+dp/hard\libm.a
END GROUP
START GROUP
LOAD C:/ST/STM32CubeIDE_1.16.1/STM32CubeIDE/plugins/com.st.stm32cube.ide.mcu.externaltools.gnu-tools-for-stm32.13.3.rel1.win32_1.0.0.202411081344/tools/bin/../lib/gcc/arm-none-eabi/13.3.1/thumb/v7e-m+dp/hard\libgcc.a
LOAD C:/ST/STM32CubeIDE_1.16.1/STM32CubeIDE/plugins/com.st.stm32cube.ide.mcu.externaltools.gnu-tools-for-stm32.13.3.rel1.win32_1.0.0.202411081344/tools/bin/../lib/gcc/arm-none-eabi/13.3.1/../../../../arm-none-eabi/lib/thumb/v7e-m+dp/hard\libc_nano.a
END GROUP
START GROUP
LOAD C:/ST/STM32CubeIDE_1.16.1/STM32CubeIDE/plugins/com.st.stm32cube.ide.mcu.externaltools.gnu-tools-for-stm32.13.3.rel1.win32_1.0.0.202411081344/tools/bin/../lib/gcc/arm-none-eabi/13.3.1/thumb/v7e-m+dp/hard\libgcc.a
LOAD C:/ST/STM32CubeIDE_1.16.1/STM32CubeIDE/plugins/com.st.stm32cube.ide.mcu.externaltools.gnu-tools-for-stm32.13.3.rel1.win32_1.0.0.202411081344/tools/bin/../lib/gcc/arm-none-eabi/13.3.1/../../../../arm-none-eabi/lib/thumb/v7e-m+dp/hard\libc_nano.a
LOAD C:/ST/STM32CubeIDE_1.16.1/STM32CubeIDE/plugins/com.st.stm32cube.ide.mcu.externaltools.gnu-tools-for-stm32.13.3.rel1.win32_1.0.0.202411081344/tools/bin/../lib/gcc/arm-none-eabi/13.3.1/../../../../arm-none-eabi/lib/thumb/v7e-m+dp/hard\libnosys.a
END GROUP
START GROUP
LOAD C:/ST/STM32CubeIDE_1.16.1/STM32CubeIDE/plugins/com.st.stm32cube.ide.mcu.externaltools.gnu-tools-for-stm32.13.3.rel1.win32_1.0.0.202411081344/tools/bin/../lib/gcc/arm-none-eabi/13.3.1/thumb/v7e-m+dp/hard\libgcc.a
LOAD C:/ST/STM32CubeIDE_1.16.1/STM32CubeIDE/plugins/com.st.stm32cube.ide.mcu.externaltools.gnu-tools-for-stm32.13.3.rel1.win32_1.0.0.202411081344/tools/bin/../lib/gcc/arm-none-eabi/13.3.1/../../../../arm-none-eabi/lib/thumb/v7e-m+dp/hard\libc_nano.a
LOAD C:/ST/STM32CubeIDE_1.16.1/STM32CubeIDE/plugins/com.st.stm32cube.ide.mcu.externaltools.gnu-tools-for-stm32.13.3.rel1.win32_1.0.0.202411081344/tools/bin/../lib/gcc/arm-none-eabi/13.3.1/../../../../arm-none-eabi/lib/thumb/v7e-m+dp/hard\libnosys.a
END GROUP
LOAD C:/ST/STM32CubeIDE_1.16.1/STM32CubeIDE/plugins/com.st.stm32cube.ide.mcu.externaltools.gnu-tools-for-stm32.13.3.rel1.win32_1.0.0.202411081344/tools/bin/../lib/gcc/arm-none-eabi/13.3.1/thumb/v7e-m+dp/hard/crtend.o
LOAD C:/ST/STM32CubeIDE_1.16.1/STM32CubeIDE/plugins/com.st.stm32cube.ide.mcu.externaltools.gnu-tools-for-stm32.13.3.rel1.win32_1.0.0.202411081344/tools/bin/../lib/gcc/arm-none-eabi/13.3.1/thumb/v7e-m+dp/hard/crtn.o
                0x24080000                        _estack = (ORIGIN (RAM_D1) + LENGTH (RAM_D1))
                0x00000200                        _Min_Heap_Size = 0x200
                0x00000400                        _Min_Stack_Size = 0x400

.isr_vector     0x08000000      0x298
                0x08000000                        . = ALIGN (0x4)
 *(.isr_vector)
 .isr_vector    0x08000000      0x298 ./Core/Startup/startup_stm32h747xihx.o
                0x08000000                g_pfnVectors
                0x08000298                        . = ALIGN (0x4)

.text           0x080002a0     0x8440
                0x080002a0                        . = ALIGN (0x4)
 *(.text)
 .text          0x080002a0       0x40 C:/ST/STM32CubeIDE_1.16.1/STM32CubeIDE/plugins/com.st.stm32cube.ide.mcu.externaltools.gnu-tools-for-stm32.13.3.rel1.win32_1.0.0.202411081344/tools/bin/../lib/gcc/arm-none-eabi/13.3.1/thumb/v7e-m+dp/hard/crtbegin.o
 .text          0x080002e0       0x30 C:/ST/STM32CubeIDE_1.16.1/STM32CubeIDE/plugins/com.st.stm32cube.ide.mcu.externaltools.gnu-tools-for-stm32.13.3.rel1.win32_1.0.0.202411081344/tools/bin/../lib/gcc/arm-none-eabi/13.3.1/thumb/v7e-m+dp/hard\libgcc.a(_aeabi_uldivmod.o)
                0x080002e0                __aeabi_uldivmod
 .text          0x08000310      0x2f8 C:/ST/STM32CubeIDE_1.16.1/STM32CubeIDE/plugins/com.st.stm32cube.ide.mcu.externaltools.gnu-tools-for-stm32.13.3.rel1.win32_1.0.0.202411081344/tools/bin/../lib/gcc/arm-none-eabi/13.3.1/thumb/v7e-m+dp/hard\libgcc.a(_udivmoddi4.o)
                0x08000310                __udivmoddi4
 .text          0x08000608        0x4 C:/ST/STM32CubeIDE_1.16.1/STM32CubeIDE/plugins/com.st.stm32cube.ide.mcu.externaltools.gnu-tools-for-stm32.13.3.rel1.win32_1.0.0.202411081344/tools/bin/../lib/gcc/arm-none-eabi/13.3.1/thumb/v7e-m+dp/hard\libgcc.a(_dvmd_tls.o)
                0x08000608                __aeabi_idiv0
                0x08000608                __aeabi_ldiv0
 *(.text*)
 .text.SystemInit
                0x0800060c      0x15c ./Common/Src/system_stm32h7xx_dualcore_boot_cm4_cm7.o
                0x0800060c                SystemInit
 .text.ExitRun0Mode
                0x08000768       0x30 ./Common/Src/system_stm32h7xx_dualcore_boot_cm4_cm7.o
                0x08000768                ExitRun0Mode
 .text.main     0x08000798      0x130 ./Core/Src/main.o
                0x08000798                main
 .text.SystemClock_Config
                0x080008c8      0x10c ./Core/Src/main.o
                0x080008c8                SystemClock_Config
 .text.PeriphCommonClock_Config
                0x080009d4       0x5e ./Core/Src/main.o
                0x080009d4                PeriphCommonClock_Config
 *fill*         0x08000a32        0x2 
 .text.MX_USART1_UART_Init
                0x08000a34       0x98 ./Core/Src/main.o
 .text.MX_USART2_UART_Init
                0x08000acc       0x98 ./Core/Src/main.o
 .text.MX_GPIO_Init
                0x08000b64      0x148 ./Core/Src/main.o
 .text.StartDefaultTask
                0x08000cac       0x10 ./Core/Src/main.o
                0x08000cac                StartDefaultTask
 .text.StarLEDTask
                0x08000cbc       0x50 ./Core/Src/main.o
                0x08000cbc                StarLEDTask
 .text.StartUart1Task
                0x08000d0c       0x4c ./Core/Src/main.o
                0x08000d0c                StartUart1Task
 .text.Error_Handler
                0x08000d58        0xc ./Core/Src/main.o
                0x08000d58                Error_Handler
 .text.HAL_MspInit
                0x08000d64       0x3c ./Core/Src/stm32h7xx_hal_msp.o
                0x08000d64                HAL_MspInit
 .text.HAL_UART_MspInit
                0x08000da0      0x1bc ./Core/Src/stm32h7xx_hal_msp.o
                0x08000da0                HAL_UART_MspInit
 .text.NMI_Handler
                0x08000f5c        0x8 ./Core/Src/stm32h7xx_it.o
                0x08000f5c                NMI_Handler
 .text.HardFault_Handler
                0x08000f64        0x8 ./Core/Src/stm32h7xx_it.o
                0x08000f64                HardFault_Handler
 .text.MemManage_Handler
                0x08000f6c        0x8 ./Core/Src/stm32h7xx_it.o
                0x08000f6c                MemManage_Handler
 .text.BusFault_Handler
                0x08000f74        0x8 ./Core/Src/stm32h7xx_it.o
                0x08000f74                BusFault_Handler
 .text.UsageFault_Handler
                0x08000f7c        0x8 ./Core/Src/stm32h7xx_it.o
                0x08000f7c                UsageFault_Handler
 .text.DebugMon_Handler
                0x08000f84        0xe ./Core/Src/stm32h7xx_it.o
                0x08000f84                DebugMon_Handler
 .text.SysTick_Handler
                0x08000f92       0x1a ./Core/Src/stm32h7xx_it.o
                0x08000f92                SysTick_Handler
 .text.Reset_Handler
                0x08000fac       0x54 ./Core/Startup/startup_stm32h747xihx.o
                0x08000fac                Reset_Handler
 .text.Default_Handler
                0x08001000        0x2 ./Core/Startup/startup_stm32h747xihx.o
                0x08001000                RTC_Alarm_IRQHandler
                0x08001000                EXTI2_IRQHandler
                0x08001000                TIM8_CC_IRQHandler
                0x08001000                HRTIM1_Master_IRQHandler
                0x08001000                UART8_IRQHandler
                0x08001000                SPI4_IRQHandler
                0x08001000                TIM1_CC_IRQHandler
                0x08001000                BDMA_Channel6_IRQHandler
                0x08001000                DMA2_Stream5_IRQHandler
                0x08001000                HRTIM1_FLT_IRQHandler
                0x08001000                JPEG_IRQHandler
                0x08001000                DMA1_Stream5_IRQHandler
                0x08001000                BDMA_Channel1_IRQHandler
                0x08001000                HRTIM1_TIMD_IRQHandler
                0x08001000                TAMP_STAMP_IRQHandler
                0x08001000                EXTI3_IRQHandler
                0x08001000                LPTIM4_IRQHandler
                0x08001000                TIM8_TRG_COM_TIM14_IRQHandler
                0x08001000                LPTIM2_IRQHandler
                0x08001000                DFSDM1_FLT1_IRQHandler
                0x08001000                DMAMUX2_OVR_IRQHandler
                0x08001000                TIM8_UP_TIM13_IRQHandler
                0x08001000                I2C3_ER_IRQHandler
                0x08001000                DFSDM1_FLT2_IRQHandler
                0x08001000                MDMA_IRQHandler
                0x08001000                LPTIM3_IRQHandler
                0x08001000                HSEM1_IRQHandler
                0x08001000                EXTI0_IRQHandler
                0x08001000                I2C2_EV_IRQHandler
                0x08001000                DMA1_Stream2_IRQHandler
                0x08001000                FPU_IRQHandler
                0x08001000                OTG_HS_WKUP_IRQHandler
                0x08001000                FDCAN1_IT1_IRQHandler
                0x08001000                LTDC_ER_IRQHandler
                0x08001000                DMA2_Stream2_IRQHandler
                0x08001000                HRTIM1_TIME_IRQHandler
                0x08001000                SPI1_IRQHandler
                0x08001000                TIM6_DAC_IRQHandler
                0x08001000                DCMI_IRQHandler
                0x08001000                HRTIM1_TIMC_IRQHandler
                0x08001000                DMA2_Stream3_IRQHandler
                0x08001000                SAI2_IRQHandler
                0x08001000                DFSDM1_FLT3_IRQHandler
                0x08001000                USART6_IRQHandler
                0x08001000                TIM17_IRQHandler
                0x08001000                USART3_IRQHandler
                0x08001000                BDMA_Channel7_IRQHandler
                0x08001000                LPTIM5_IRQHandler
                0x08001000                UART5_IRQHandler
                0x08001000                ADC3_IRQHandler
                0x08001000                DMA2_Stream0_IRQHandler
                0x08001000                TIM4_IRQHandler
                0x08001000                BDMA_Channel2_IRQHandler
                0x08001000                QUADSPI_IRQHandler
                0x08001000                I2C1_EV_IRQHandler
                0x08001000                DMA1_Stream6_IRQHandler
                0x08001000                DMAMUX1_OVR_IRQHandler
                0x08001000                DMA1_Stream1_IRQHandler
                0x08001000                TIM16_IRQHandler
                0x08001000                UART4_IRQHandler
                0x08001000                BDMA_Channel5_IRQHandler
                0x08001000                TIM3_IRQHandler
                0x08001000                RCC_IRQHandler
                0x08001000                TIM8_BRK_TIM12_IRQHandler
                0x08001000                TIM1_TRG_COM_IRQHandler
                0x08001000                Default_Handler
                0x08001000                ECC_IRQHandler
                0x08001000                CEC_IRQHandler
                0x08001000                EXTI15_10_IRQHandler
                0x08001000                BDMA_Channel0_IRQHandler
                0x08001000                ADC_IRQHandler
                0x08001000                DMA1_Stream7_IRQHandler
                0x08001000                HRTIM1_TIMA_IRQHandler
                0x08001000                SPI5_IRQHandler
                0x08001000                TIM7_IRQHandler
                0x08001000                SDMMC1_IRQHandler
                0x08001000                TIM5_IRQHandler
                0x08001000                DMA2_Stream7_IRQHandler
                0x08001000                TIM15_IRQHandler
                0x08001000                PVD_AVD_IRQHandler
                0x08001000                I2C3_EV_IRQHandler
                0x08001000                EXTI9_5_IRQHandler
                0x08001000                RTC_WKUP_IRQHandler
                0x08001000                LTDC_IRQHandler
                0x08001000                SAI3_IRQHandler
                0x08001000                ETH_WKUP_IRQHandler
                0x08001000                SPDIF_RX_IRQHandler
                0x08001000                SPI2_IRQHandler
                0x08001000                OTG_HS_EP1_IN_IRQHandler
                0x08001000                DMA1_Stream0_IRQHandler
                0x08001000                CRS_IRQHandler
                0x08001000                CM7_SEV_IRQHandler
                0x08001000                EXTI4_IRQHandler
                0x08001000                RNG_IRQHandler
                0x08001000                CM4_SEV_IRQHandler
                0x08001000                HRTIM1_TIMB_IRQHandler
                0x08001000                FDCAN2_IT1_IRQHandler
                0x08001000                DSI_IRQHandler
                0x08001000                ETH_IRQHandler
                0x08001000                TIM1_UP_IRQHandler
                0x08001000                WWDG_RST_IRQHandler
                0x08001000                BDMA_Channel4_IRQHandler
                0x08001000                OTG_HS_EP1_OUT_IRQHandler
                0x08001000                WWDG_IRQHandler
                0x08001000                SPI6_IRQHandler
                0x08001000                MDIOS_IRQHandler
                0x08001000                I2C4_EV_IRQHandler
                0x08001000                FDCAN2_IT0_IRQHandler
                0x08001000                LPUART1_IRQHandler
                0x08001000                FDCAN1_IT0_IRQHandler
                0x08001000                TIM2_IRQHandler
                0x08001000                OTG_FS_WKUP_IRQHandler
                0x08001000                OTG_HS_IRQHandler
                0x08001000                HSEM2_IRQHandler
                0x08001000                DMA2D_IRQHandler
                0x08001000                TIM1_BRK_IRQHandler
                0x08001000                EXTI1_IRQHandler
                0x08001000                SDMMC2_IRQHandler
                0x08001000                OTG_FS_EP1_OUT_IRQHandler
                0x08001000                BDMA_Channel3_IRQHandler
                0x08001000                HOLD_CORE_IRQHandler
                0x08001000                UART7_IRQHandler
                0x08001000                MDIOS_WKUP_IRQHandler
                0x08001000                USART2_IRQHandler
                0x08001000                DFSDM1_FLT0_IRQHandler
                0x08001000                SAI4_IRQHandler
                0x08001000                I2C2_ER_IRQHandler
                0x08001000                DMA2_Stream1_IRQHandler
                0x08001000                FLASH_IRQHandler
                0x08001000                DMA2_Stream4_IRQHandler
                0x08001000                USART1_IRQHandler
                0x08001000                OTG_FS_IRQHandler
                0x08001000                SPI3_IRQHandler
                0x08001000                WAKEUP_PIN_IRQHandler
                0x08001000                DMA1_Stream4_IRQHandler
                0x08001000                OTG_FS_EP1_IN_IRQHandler
                0x08001000                I2C1_ER_IRQHandler
                0x08001000                FMC_IRQHandler
                0x08001000                FDCAN_CAL_IRQHandler
                0x08001000                SWPMI1_IRQHandler
                0x08001000                COMP1_IRQHandler
                0x08001000                LPTIM1_IRQHandler
                0x08001000                I2C4_ER_IRQHandler
                0x08001000                DMA2_Stream6_IRQHandler
                0x08001000                SAI1_IRQHandler
                0x08001000                DMA1_Stream3_IRQHandler
 *fill*         0x08001002        0x2 
 .text.HAL_Init
                0x08001004       0x78 ./Drivers/STM32H7xx_HAL_Driver/stm32h7xx_hal.o
                0x08001004                HAL_Init
 .text.HAL_InitTick
                0x0800107c       0x6c ./Drivers/STM32H7xx_HAL_Driver/stm32h7xx_hal.o
                0x0800107c                HAL_InitTick
 .text.HAL_IncTick
                0x080010e8       0x28 ./Drivers/STM32H7xx_HAL_Driver/stm32h7xx_hal.o
                0x080010e8                HAL_IncTick
 .text.HAL_GetTick
                0x08001110       0x18 ./Drivers/STM32H7xx_HAL_Driver/stm32h7xx_hal.o
                0x08001110                HAL_GetTick
 .text.HAL_GetREVID
                0x08001128       0x18 ./Drivers/STM32H7xx_HAL_Driver/stm32h7xx_hal.o
                0x08001128                HAL_GetREVID
 .text.__NVIC_SetPriorityGrouping
                0x08001140       0x48 ./Drivers/STM32H7xx_HAL_Driver/stm32h7xx_hal_cortex.o
 .text.__NVIC_GetPriorityGrouping
                0x08001188       0x1c ./Drivers/STM32H7xx_HAL_Driver/stm32h7xx_hal_cortex.o
 .text.__NVIC_SetPriority
                0x080011a4       0x54 ./Drivers/STM32H7xx_HAL_Driver/stm32h7xx_hal_cortex.o
 .text.NVIC_EncodePriority
                0x080011f8       0x66 ./Drivers/STM32H7xx_HAL_Driver/stm32h7xx_hal_cortex.o
 *fill*         0x0800125e        0x2 
 .text.SysTick_Config
                0x08001260       0x44 ./Drivers/STM32H7xx_HAL_Driver/stm32h7xx_hal_cortex.o
 .text.HAL_NVIC_SetPriorityGrouping
                0x080012a4       0x16 ./Drivers/STM32H7xx_HAL_Driver/stm32h7xx_hal_cortex.o
                0x080012a4                HAL_NVIC_SetPriorityGrouping
 .text.HAL_NVIC_SetPriority
                0x080012ba       0x34 ./Drivers/STM32H7xx_HAL_Driver/stm32h7xx_hal_cortex.o
                0x080012ba                HAL_NVIC_SetPriority
 .text.HAL_SYSTICK_Config
                0x080012ee       0x18 ./Drivers/STM32H7xx_HAL_Driver/stm32h7xx_hal_cortex.o
                0x080012ee                HAL_SYSTICK_Config
 *fill*         0x08001306        0x2 
 .text.HAL_GPIO_Init
                0x08001308      0x360 ./Drivers/STM32H7xx_HAL_Driver/stm32h7xx_hal_gpio.o
                0x08001308                HAL_GPIO_Init
 .text.HAL_GPIO_WritePin
                0x08001668       0x32 ./Drivers/STM32H7xx_HAL_Driver/stm32h7xx_hal_gpio.o
                0x08001668                HAL_GPIO_WritePin
 *fill*         0x0800169a        0x2 
 .text.HAL_HSEM_FastTake
                0x0800169c       0x34 ./Drivers/STM32H7xx_HAL_Driver/stm32h7xx_hal_hsem.o
                0x0800169c                HAL_HSEM_FastTake
 .text.HAL_HSEM_Release
                0x080016d0       0x28 ./Drivers/STM32H7xx_HAL_Driver/stm32h7xx_hal_hsem.o
                0x080016d0                HAL_HSEM_Release
 .text.HAL_PWREx_ConfigSupply
                0x080016f8       0xb4 ./Drivers/STM32H7xx_HAL_Driver/stm32h7xx_hal_pwr_ex.o
                0x080016f8                HAL_PWREx_ConfigSupply
 .text.HAL_RCC_OscConfig
                0x080017ac      0x8b4 ./Drivers/STM32H7xx_HAL_Driver/stm32h7xx_hal_rcc.o
                0x080017ac                HAL_RCC_OscConfig
 .text.HAL_RCC_ClockConfig
                0x08002060      0x36c ./Drivers/STM32H7xx_HAL_Driver/stm32h7xx_hal_rcc.o
                0x08002060                HAL_RCC_ClockConfig
 .text.HAL_RCC_MCOConfig
                0x080023cc       0xd4 ./Drivers/STM32H7xx_HAL_Driver/stm32h7xx_hal_rcc.o
                0x080023cc                HAL_RCC_MCOConfig
 .text.HAL_RCC_GetSysClockFreq
                0x080024a0      0x2f4 ./Drivers/STM32H7xx_HAL_Driver/stm32h7xx_hal_rcc.o
                0x080024a0                HAL_RCC_GetSysClockFreq
 .text.HAL_RCC_GetHCLKFreq
                0x08002794       0x60 ./Drivers/STM32H7xx_HAL_Driver/stm32h7xx_hal_rcc.o
                0x08002794                HAL_RCC_GetHCLKFreq
 .text.HAL_RCC_GetPCLK1Freq
                0x080027f4       0x2c ./Drivers/STM32H7xx_HAL_Driver/stm32h7xx_hal_rcc.o
                0x080027f4                HAL_RCC_GetPCLK1Freq
 .text.HAL_RCC_GetPCLK2Freq
                0x08002820       0x2c ./Drivers/STM32H7xx_HAL_Driver/stm32h7xx_hal_rcc.o
                0x08002820                HAL_RCC_GetPCLK2Freq
 .text.HAL_RCCEx_PeriphCLKConfig
                0x0800284c     0x1494 ./Drivers/STM32H7xx_HAL_Driver/stm32h7xx_hal_rcc_ex.o
                0x0800284c                HAL_RCCEx_PeriphCLKConfig
 .text.HAL_RCCEx_GetD3PCLK1Freq
                0x08003ce0       0x2c ./Drivers/STM32H7xx_HAL_Driver/stm32h7xx_hal_rcc_ex.o
                0x08003ce0                HAL_RCCEx_GetD3PCLK1Freq
 .text.HAL_RCCEx_GetPLL2ClockFreq
                0x08003d0c      0x2a8 ./Drivers/STM32H7xx_HAL_Driver/stm32h7xx_hal_rcc_ex.o
                0x08003d0c                HAL_RCCEx_GetPLL2ClockFreq
 .text.HAL_RCCEx_GetPLL3ClockFreq
                0x08003fb4      0x2a8 ./Drivers/STM32H7xx_HAL_Driver/stm32h7xx_hal_rcc_ex.o
                0x08003fb4                HAL_RCCEx_GetPLL3ClockFreq
 .text.RCCEx_PLL2_Config
                0x0800425c      0x164 ./Drivers/STM32H7xx_HAL_Driver/stm32h7xx_hal_rcc_ex.o
 .text.RCCEx_PLL3_Config
                0x080043c0      0x164 ./Drivers/STM32H7xx_HAL_Driver/stm32h7xx_hal_rcc_ex.o
 .text.HAL_UART_Init
                0x08004524       0xa0 ./Drivers/STM32H7xx_HAL_Driver/stm32h7xx_hal_uart.o
                0x08004524                HAL_UART_Init
 .text.HAL_UART_Transmit
                0x080045c4      0x11c ./Drivers/STM32H7xx_HAL_Driver/stm32h7xx_hal_uart.o
                0x080045c4                HAL_UART_Transmit
 .text.HAL_UART_Receive
                0x080046e0      0x190 ./Drivers/STM32H7xx_HAL_Driver/stm32h7xx_hal_uart.o
                0x080046e0                HAL_UART_Receive
 .text.UART_SetConfig
                0x08004870      0xad0 ./Drivers/STM32H7xx_HAL_Driver/stm32h7xx_hal_uart.o
                0x08004870                UART_SetConfig
 .text.UART_AdvFeatureConfig
                0x08005340      0x144 ./Drivers/STM32H7xx_HAL_Driver/stm32h7xx_hal_uart.o
                0x08005340                UART_AdvFeatureConfig
 .text.UART_CheckIdleState
                0x08005484      0x154 ./Drivers/STM32H7xx_HAL_Driver/stm32h7xx_hal_uart.o
                0x08005484                UART_CheckIdleState
 .text.UART_WaitOnFlagUntilTimeout
                0x080055d8       0xda ./Drivers/STM32H7xx_HAL_Driver/stm32h7xx_hal_uart.o
                0x080055d8                UART_WaitOnFlagUntilTimeout
 *fill*         0x080056b2        0x2 
 .text.UART_EndRxTransfer
                0x080056b4       0xcc ./Drivers/STM32H7xx_HAL_Driver/stm32h7xx_hal_uart.o
 .text.HAL_UARTEx_DisableFifoMode
                0x08005780       0x72 ./Drivers/STM32H7xx_HAL_Driver/stm32h7xx_hal_uart_ex.o
                0x08005780                HAL_UARTEx_DisableFifoMode
 .text.HAL_UARTEx_SetTxFifoThreshold
                0x080057f2       0x7c ./Drivers/STM32H7xx_HAL_Driver/stm32h7xx_hal_uart_ex.o
                0x080057f2                HAL_UARTEx_SetTxFifoThreshold
 .text.HAL_UARTEx_SetRxFifoThreshold
                0x0800586e       0x7c ./Drivers/STM32H7xx_HAL_Driver/stm32h7xx_hal_uart_ex.o
                0x0800586e                HAL_UARTEx_SetRxFifoThreshold
 *fill*         0x080058ea        0x2 
 .text.UARTEx_SetNbDataToProcess
                0x080058ec       0x9c ./Drivers/STM32H7xx_HAL_Driver/stm32h7xx_hal_uart_ex.o
 .text.__NVIC_SetPriority
                0x08005988       0x54 ./Middlewares/Third_Party/FreeRTOS/cmsis_os2.o
 .text.SVC_Setup
                0x080059dc       0x12 ./Middlewares/Third_Party/FreeRTOS/cmsis_os2.o
 *fill*         0x080059ee        0x2 
 .text.osKernelInitialize
                0x080059f0       0x48 ./Middlewares/Third_Party/FreeRTOS/cmsis_os2.o
                0x080059f0                osKernelInitialize
 .text.osKernelStart
                0x08005a38       0x4c ./Middlewares/Third_Party/FreeRTOS/cmsis_os2.o
                0x08005a38                osKernelStart
 .text.osThreadNew
                0x08005a84      0x124 ./Middlewares/Third_Party/FreeRTOS/cmsis_os2.o
                0x08005a84                osThreadNew
 .text.osDelay  0x08005ba8       0x36 ./Middlewares/Third_Party/FreeRTOS/cmsis_os2.o
                0x08005ba8                osDelay
 .text.osMessageQueueNew
                0x08005bde       0xe6 ./Middlewares/Third_Party/FreeRTOS/cmsis_os2.o
                0x08005bde                osMessageQueueNew
 .text.vApplicationGetIdleTaskMemory
                0x08005cc4       0x34 ./Middlewares/Third_Party/FreeRTOS/cmsis_os2.o
                0x08005cc4                vApplicationGetIdleTaskMemory
 .text.vApplicationGetTimerTaskMemory
                0x08005cf8       0x34 ./Middlewares/Third_Party/FreeRTOS/cmsis_os2.o
                0x08005cf8                vApplicationGetTimerTaskMemory
 .text.pvPortMalloc
                0x08005d2c      0x19c ./Middlewares/Third_Party/FreeRTOS/heap_4.o
                0x08005d2c                pvPortMalloc
 .text.vPortFree
                0x08005ec8       0xc8 ./Middlewares/Third_Party/FreeRTOS/heap_4.o
                0x08005ec8                vPortFree
 .text.prvHeapInit
                0x08005f90       0xc4 ./Middlewares/Third_Party/FreeRTOS/heap_4.o
 .text.prvInsertBlockIntoFreeList
                0x08006054       0xb4 ./Middlewares/Third_Party/FreeRTOS/heap_4.o
 .text.vListInitialise
                0x08006108       0x40 ./Middlewares/Third_Party/FreeRTOS/list.o
                0x08006108                vListInitialise
 .text.vListInitialiseItem
                0x08006148       0x1a ./Middlewares/Third_Party/FreeRTOS/list.o
                0x08006148                vListInitialiseItem
 .text.vListInsertEnd
                0x08006162       0x48 ./Middlewares/Third_Party/FreeRTOS/list.o
                0x08006162                vListInsertEnd
 .text.vListInsert
                0x080061aa       0x72 ./Middlewares/Third_Party/FreeRTOS/list.o
                0x080061aa                vListInsert
 .text.uxListRemove
                0x0800621c       0x54 ./Middlewares/Third_Party/FreeRTOS/list.o
                0x0800621c                uxListRemove
 .text.pxPortInitialiseStack
                0x08006270       0x68 ./Middlewares/Third_Party/FreeRTOS/port.o
                0x08006270                pxPortInitialiseStack
 .text.prvTaskExitError
                0x080062d8       0x5c ./Middlewares/Third_Party/FreeRTOS/port.o
 *fill*         0x08006334        0xc 
 .text.SVC_Handler
                0x08006340       0x28 ./Middlewares/Third_Party/FreeRTOS/port.o
                0x08006340                SVC_Handler
 .text.prvPortStartFirstTask
                0x08006368       0x28 ./Middlewares/Third_Party/FreeRTOS/port.o
 .text.xPortStartScheduler
                0x08006390      0x148 ./Middlewares/Third_Party/FreeRTOS/port.o
                0x08006390                xPortStartScheduler
 .text.vPortEnterCritical
                0x080064d8       0x64 ./Middlewares/Third_Party/FreeRTOS/port.o
                0x080064d8                vPortEnterCritical
 .text.vPortExitCritical
                0x0800653c       0x54 ./Middlewares/Third_Party/FreeRTOS/port.o
                0x0800653c                vPortExitCritical
 .text.PendSV_Handler
                0x08006590       0x68 ./Middlewares/Third_Party/FreeRTOS/port.o
                0x08006590                PendSV_Handler
 .text.xPortSysTickHandler
                0x080065f8       0x44 ./Middlewares/Third_Party/FreeRTOS/port.o
                0x080065f8                xPortSysTickHandler
 .text.vPortSetupTimerInterrupt
                0x0800663c       0x48 ./Middlewares/Third_Party/FreeRTOS/port.o
                0x0800663c                vPortSetupTimerInterrupt
 .text.vPortEnableVFP
                0x08006684       0x14 ./Middlewares/Third_Party/FreeRTOS/port.o
 .text.vPortValidateInterruptPriority
                0x08006698       0x84 ./Middlewares/Third_Party/FreeRTOS/port.o
                0x08006698                vPortValidateInterruptPriority
 .text.xQueueGenericReset
                0x0800671c       0xd4 ./Middlewares/Third_Party/FreeRTOS/queue.o
                0x0800671c                xQueueGenericReset
 .text.xQueueGenericCreateStatic
                0x080067f0       0xfa ./Middlewares/Third_Party/FreeRTOS/queue.o
                0x080067f0                xQueueGenericCreateStatic
 .text.xQueueGenericCreate
                0x080068ea       0x76 ./Middlewares/Third_Party/FreeRTOS/queue.o
                0x080068ea                xQueueGenericCreate
 .text.prvInitialiseNewQueue
                0x08006960       0x46 ./Middlewares/Third_Party/FreeRTOS/queue.o
 *fill*         0x080069a6        0x2 
 .text.xQueueGenericSend
                0x080069a8      0x204 ./Middlewares/Third_Party/FreeRTOS/queue.o
                0x080069a8                xQueueGenericSend
 .text.xQueueGenericSendFromISR
                0x08006bac      0x13c ./Middlewares/Third_Party/FreeRTOS/queue.o
                0x08006bac                xQueueGenericSendFromISR
 .text.xQueueReceive
                0x08006ce8      0x1c4 ./Middlewares/Third_Party/FreeRTOS/queue.o
                0x08006ce8                xQueueReceive
 .text.prvCopyDataToQueue
                0x08006eac       0xd4 ./Middlewares/Third_Party/FreeRTOS/queue.o
 .text.prvCopyDataFromQueue
                0x08006f80       0x4c ./Middlewares/Third_Party/FreeRTOS/queue.o
 .text.prvUnlockQueue
                0x08006fcc       0xa4 ./Middlewares/Third_Party/FreeRTOS/queue.o
 .text.prvIsQueueEmpty
                0x08007070       0x2c ./Middlewares/Third_Party/FreeRTOS/queue.o
 .text.prvIsQueueFull
                0x0800709c       0x30 ./Middlewares/Third_Party/FreeRTOS/queue.o
 .text.vQueueAddToRegistry
                0x080070cc       0x54 ./Middlewares/Third_Party/FreeRTOS/queue.o
                0x080070cc                vQueueAddToRegistry
 .text.vQueueWaitForMessageRestricted
                0x08007120       0x68 ./Middlewares/Third_Party/FreeRTOS/queue.o
                0x08007120                vQueueWaitForMessageRestricted
 .text.xTaskCreateStatic
                0x08007188       0xc0 ./Middlewares/Third_Party/FreeRTOS/tasks.o
                0x08007188                xTaskCreateStatic
 .text.xTaskCreate
                0x08007248       0x8a ./Middlewares/Third_Party/FreeRTOS/tasks.o
                0x08007248                xTaskCreate
 .text.prvInitialiseNewTask
                0x080072d2      0x120 ./Middlewares/Third_Party/FreeRTOS/tasks.o
 *fill*         0x080073f2        0x2 
 .text.prvAddNewTaskToReadyList
                0x080073f4       0xe0 ./Middlewares/Third_Party/FreeRTOS/tasks.o
 .text.vTaskDelay
                0x080074d4       0x6c ./Middlewares/Third_Party/FreeRTOS/tasks.o
                0x080074d4                vTaskDelay
 .text.vTaskStartScheduler
                0x08007540       0xd0 ./Middlewares/Third_Party/FreeRTOS/tasks.o
                0x08007540                vTaskStartScheduler
 .text.vTaskSuspendAll
                0x08007610       0x1c ./Middlewares/Third_Party/FreeRTOS/tasks.o
                0x08007610                vTaskSuspendAll
 .text.xTaskResumeAll
                0x0800762c      0x13c ./Middlewares/Third_Party/FreeRTOS/tasks.o
                0x0800762c                xTaskResumeAll
 .text.xTaskGetTickCount
                0x08007768       0x20 ./Middlewares/Third_Party/FreeRTOS/tasks.o
                0x08007768                xTaskGetTickCount
 .text.xTaskIncrementTick
                0x08007788      0x174 ./Middlewares/Third_Party/FreeRTOS/tasks.o
                0x08007788                xTaskIncrementTick
 .text.vTaskSwitchContext
                0x080078fc       0xbc ./Middlewares/Third_Party/FreeRTOS/tasks.o
                0x080078fc                vTaskSwitchContext
 .text.vTaskPlaceOnEventList
                0x080079b8       0x4c ./Middlewares/Third_Party/FreeRTOS/tasks.o
                0x080079b8                vTaskPlaceOnEventList
 .text.vTaskPlaceOnEventListRestricted
                0x08007a04       0x58 ./Middlewares/Third_Party/FreeRTOS/tasks.o
                0x08007a04                vTaskPlaceOnEventListRestricted
 .text.xTaskRemoveFromEventList
                0x08007a5c       0xc8 ./Middlewares/Third_Party/FreeRTOS/tasks.o
                0x08007a5c                xTaskRemoveFromEventList
 .text.vTaskInternalSetTimeOutState
                0x08007b24       0x2c ./Middlewares/Third_Party/FreeRTOS/tasks.o
                0x08007b24                vTaskInternalSetTimeOutState
 .text.xTaskCheckForTimeOut
                0x08007b50       0xc8 ./Middlewares/Third_Party/FreeRTOS/tasks.o
                0x08007b50                xTaskCheckForTimeOut
 .text.vTaskMissedYield
                0x08007c18       0x18 ./Middlewares/Third_Party/FreeRTOS/tasks.o
                0x08007c18                vTaskMissedYield
 .text.prvIdleTask
                0x08007c30       0x30 ./Middlewares/Third_Party/FreeRTOS/tasks.o
 .text.prvInitialiseTaskLists
                0x08007c60       0x80 ./Middlewares/Third_Party/FreeRTOS/tasks.o
 .text.prvCheckTasksWaitingTermination
                0x08007ce0       0x5c ./Middlewares/Third_Party/FreeRTOS/tasks.o
 .text.prvDeleteTCB
                0x08007d3c       0x60 ./Middlewares/Third_Party/FreeRTOS/tasks.o
 .text.prvResetNextTaskUnblockTime
                0x08007d9c       0x40 ./Middlewares/Third_Party/FreeRTOS/tasks.o
 .text.xTaskGetSchedulerState
                0x08007ddc       0x3c ./Middlewares/Third_Party/FreeRTOS/tasks.o
                0x08007ddc                xTaskGetSchedulerState
 .text.xTaskPriorityDisinherit
                0x08007e18       0xe0 ./Middlewares/Third_Party/FreeRTOS/tasks.o
                0x08007e18                xTaskPriorityDisinherit
 .text.prvAddCurrentTaskToDelayedList
                0x08007ef8       0xa8 ./Middlewares/Third_Party/FreeRTOS/tasks.o
 .text.xTimerCreateTimerTask
                0x08007fa0       0x94 ./Middlewares/Third_Party/FreeRTOS/timers.o
                0x08007fa0                xTimerCreateTimerTask
 .text.xTimerGenericCommand
                0x08008034       0x9c ./Middlewares/Third_Party/FreeRTOS/timers.o
                0x08008034                xTimerGenericCommand
 .text.prvProcessExpiredTimer
                0x080080d0       0x9c ./Middlewares/Third_Party/FreeRTOS/timers.o
 .text.prvTimerTask
                0x0800816c       0x26 ./Middlewares/Third_Party/FreeRTOS/timers.o
 *fill*         0x08008192        0x2 
 .text.prvProcessTimerOrBlockTask
                0x08008194       0x9c ./Middlewares/Third_Party/FreeRTOS/timers.o
 .text.prvGetNextExpireTime
                0x08008230       0x48 ./Middlewares/Third_Party/FreeRTOS/timers.o
 .text.prvSampleTimeNow
                0x08008278       0x40 ./Middlewares/Third_Party/FreeRTOS/timers.o
 .text.prvInsertTimerInActiveList
                0x080082b8       0x84 ./Middlewares/Third_Party/FreeRTOS/timers.o
 .text.prvProcessReceivedCommands
                0x0800833c      0x1cc ./Middlewares/Third_Party/FreeRTOS/timers.o
 .text.prvSwitchTimerLists
                0x08008508       0xcc ./Middlewares/Third_Party/FreeRTOS/timers.o
 .text.prvCheckForValidListAndQueue
                0x080085d4       0x80 ./Middlewares/Third_Party/FreeRTOS/timers.o
 .text.memset   0x08008654       0x10 C:/ST/STM32CubeIDE_1.16.1/STM32CubeIDE/plugins/com.st.stm32cube.ide.mcu.externaltools.gnu-tools-for-stm32.13.3.rel1.win32_1.0.0.202411081344/tools/bin/../lib/gcc/arm-none-eabi/13.3.1/../../../../arm-none-eabi/lib/thumb/v7e-m+dp/hard\libc_nano.a(libc_a-memset.o)
                0x08008654                memset
 .text.__libc_init_array
                0x08008664       0x48 C:/ST/STM32CubeIDE_1.16.1/STM32CubeIDE/plugins/com.st.stm32cube.ide.mcu.externaltools.gnu-tools-for-stm32.13.3.rel1.win32_1.0.0.202411081344/tools/bin/../lib/gcc/arm-none-eabi/13.3.1/../../../../arm-none-eabi/lib/thumb/v7e-m+dp/hard\libc_nano.a(libc_a-init.o)
                0x08008664                __libc_init_array
 .text.memcpy   0x080086ac       0x1c C:/ST/STM32CubeIDE_1.16.1/STM32CubeIDE/plugins/com.st.stm32cube.ide.mcu.externaltools.gnu-tools-for-stm32.13.3.rel1.win32_1.0.0.202411081344/tools/bin/../lib/gcc/arm-none-eabi/13.3.1/../../../../arm-none-eabi/lib/thumb/v7e-m+dp/hard\libc_nano.a(libc_a-memcpy-stub.o)
                0x080086ac                memcpy
 *(.glue_7)
 .glue_7        0x080086c8        0x0 linker stubs
 *(.glue_7t)
 .glue_7t       0x080086c8        0x0 linker stubs
 *(.eh_frame)
 .eh_frame      0x080086c8        0x0 C:/ST/STM32CubeIDE_1.16.1/STM32CubeIDE/plugins/com.st.stm32cube.ide.mcu.externaltools.gnu-tools-for-stm32.13.3.rel1.win32_1.0.0.202411081344/tools/bin/../lib/gcc/arm-none-eabi/13.3.1/thumb/v7e-m+dp/hard/crtbegin.o
 *(.init)
 .init          0x080086c8        0x4 C:/ST/STM32CubeIDE_1.16.1/STM32CubeIDE/plugins/com.st.stm32cube.ide.mcu.externaltools.gnu-tools-for-stm32.13.3.rel1.win32_1.0.0.202411081344/tools/bin/../lib/gcc/arm-none-eabi/13.3.1/thumb/v7e-m+dp/hard/crti.o
                0x080086c8                _init
 .init          0x080086cc        0x8 C:/ST/STM32CubeIDE_1.16.1/STM32CubeIDE/plugins/com.st.stm32cube.ide.mcu.externaltools.gnu-tools-for-stm32.13.3.rel1.win32_1.0.0.202411081344/tools/bin/../lib/gcc/arm-none-eabi/13.3.1/thumb/v7e-m+dp/hard/crtn.o
 *(.fini)
 .fini          0x080086d4        0x4 C:/ST/STM32CubeIDE_1.16.1/STM32CubeIDE/plugins/com.st.stm32cube.ide.mcu.externaltools.gnu-tools-for-stm32.13.3.rel1.win32_1.0.0.202411081344/tools/bin/../lib/gcc/arm-none-eabi/13.3.1/thumb/v7e-m+dp/hard/crti.o
                0x080086d4                _fini
 .fini          0x080086d8        0x8 C:/ST/STM32CubeIDE_1.16.1/STM32CubeIDE/plugins/com.st.stm32cube.ide.mcu.externaltools.gnu-tools-for-stm32.13.3.rel1.win32_1.0.0.202411081344/tools/bin/../lib/gcc/arm-none-eabi/13.3.1/thumb/v7e-m+dp/hard/crtn.o
                0x080086e0                        . = ALIGN (0x4)
                0x080086e0                        _etext = .

.vfp11_veneer   0x080086e0        0x0
 .vfp11_veneer  0x080086e0        0x0 linker stubs

.v4_bx          0x080086e0        0x0
 .v4_bx         0x080086e0        0x0 linker stubs

.iplt           0x080086e0        0x0
 .iplt          0x080086e0        0x0 C:/ST/STM32CubeIDE_1.16.1/STM32CubeIDE/plugins/com.st.stm32cube.ide.mcu.externaltools.gnu-tools-for-stm32.13.3.rel1.win32_1.0.0.202411081344/tools/bin/../lib/gcc/arm-none-eabi/13.3.1/thumb/v7e-m+dp/hard/crtbegin.o

.rodata         0x080086e0      0x138
                0x080086e0                        . = ALIGN (0x4)
 *(.rodata)
 .rodata        0x080086e0       0x4a ./Core/Src/main.o
 *fill*         0x0800872a        0x2 
 .rodata        0x0800872c        0x5 ./Middlewares/Third_Party/FreeRTOS/tasks.o
 *fill*         0x08008731        0x3 
 .rodata        0x08008734        0xd ./Middlewares/Third_Party/FreeRTOS/timers.o
 *(.rodata*)
 *fill*         0x08008741        0x3 
 .rodata.D1CorePrescTable
                0x08008744       0x10 ./Common/Src/system_stm32h7xx_dualcore_boot_cm4_cm7.o
                0x08008744                D1CorePrescTable
 .rodata.workerTask_attributes
                0x08008754       0x24 ./Core/Src/main.o
                0x08008754                workerTask_attributes
 .rodata.ledTask_attributes
                0x08008778       0x24 ./Core/Src/main.o
                0x08008778                ledTask_attributes
 .rodata.uart1Task_attributes
                0x0800879c       0x24 ./Core/Src/main.o
                0x0800879c                uart1Task_attributes
 .rodata.ledCmdQueue_attributes
                0x080087c0       0x18 ./Core/Src/main.o
                0x080087c0                ledCmdQueue_attributes
 .rodata.uart1RxDMAQueue_attributes
                0x080087d8       0x18 ./Core/Src/main.o
                0x080087d8                uart1RxDMAQueue_attributes
 .rodata.UARTPrescTable
                0x080087f0       0x18 ./Drivers/STM32H7xx_HAL_Driver/stm32h7xx_hal_uart.o
                0x080087f0                UARTPrescTable
 .rodata.numerator.1
                0x08008808        0x8 ./Drivers/STM32H7xx_HAL_Driver/stm32h7xx_hal_uart_ex.o
 .rodata.denominator.0
                0x08008810        0x8 ./Drivers/STM32H7xx_HAL_Driver/stm32h7xx_hal_uart_ex.o
                0x08008818                        . = ALIGN (0x4)

.ARM.extab      0x08008818        0x0
                0x08008818                        . = ALIGN (0x4)
 *(.ARM.extab* .gnu.linkonce.armextab.*)
                0x08008818                        . = ALIGN (0x4)

.ARM            0x08008818        0x8
                0x08008818                        . = ALIGN (0x4)
                0x08008818                        __exidx_start = .
 *(.ARM.exidx*)
 .ARM.exidx     0x08008818        0x8 C:/ST/STM32CubeIDE_1.16.1/STM32CubeIDE/plugins/com.st.stm32cube.ide.mcu.externaltools.gnu-tools-for-stm32.13.3.rel1.win32_1.0.0.202411081344/tools/bin/../lib/gcc/arm-none-eabi/13.3.1/thumb/v7e-m+dp/hard\libgcc.a(_udivmoddi4.o)
                0x08008820                        __exidx_end = .
                0x08008820                        . = ALIGN (0x4)

.preinit_array  0x08008820        0x0
                0x08008820                        . = ALIGN (0x4)
                0x08008820                        PROVIDE (__preinit_array_start = .)
 *(.preinit_array*)
                0x08008820                        PROVIDE (__preinit_array_end = .)
                0x08008820                        . = ALIGN (0x4)

.init_array     0x08008820        0x4
                0x08008820                        . = ALIGN (0x4)
                0x08008820                        PROVIDE (__init_array_start = .)
 *(SORT_BY_NAME(.init_array.*))
 *(.init_array*)
 .init_array    0x08008820        0x4 C:/ST/STM32CubeIDE_1.16.1/STM32CubeIDE/plugins/com.st.stm32cube.ide.mcu.externaltools.gnu-tools-for-stm32.13.3.rel1.win32_1.0.0.202411081344/tools/bin/../lib/gcc/arm-none-eabi/13.3.1/thumb/v7e-m+dp/hard/crtbegin.o
                0x08008824                        PROVIDE (__init_array_end = .)
                0x08008824                        . = ALIGN (0x4)

.fini_array     0x08008824        0x4
                0x08008824                        . = ALIGN (0x4)
                [!provide]                        PROVIDE (__fini_array_start = .)
 *(SORT_BY_NAME(.fini_array.*))
 *(.fini_array*)
 .fini_array    0x08008824        0x4 C:/ST/STM32CubeIDE_1.16.1/STM32CubeIDE/plugins/com.st.stm32cube.ide.mcu.externaltools.gnu-tools-for-stm32.13.3.rel1.win32_1.0.0.202411081344/tools/bin/../lib/gcc/arm-none-eabi/13.3.1/thumb/v7e-m+dp/hard/crtbegin.o
                [!provide]                        PROVIDE (__fini_array_end = .)
                0x08008828                        . = ALIGN (0x4)
                0x08008828                        _sidata = LOADADDR (.data)

.rel.dyn        0x08008828        0x0
 .rel.iplt      0x08008828        0x0 C:/ST/STM32CubeIDE_1.16.1/STM32CubeIDE/plugins/com.st.stm32cube.ide.mcu.externaltools.gnu-tools-for-stm32.13.3.rel1.win32_1.0.0.202411081344/tools/bin/../lib/gcc/arm-none-eabi/13.3.1/thumb/v7e-m+dp/hard/crtbegin.o

.data           0x24000000       0x14 load address 0x08008828
                0x24000000                        . = ALIGN (0x4)
                0x24000000                        _sdata = .
 *(.data)
 *(.data*)
 .data.SystemCoreClock
                0x24000000        0x4 ./Common/Src/system_stm32h7xx_dualcore_boot_cm4_cm7.o
                0x24000000                SystemCoreClock
 .data.SystemD2Clock
                0x24000004        0x4 ./Common/Src/system_stm32h7xx_dualcore_boot_cm4_cm7.o
                0x24000004                SystemD2Clock
 .data.uwTickPrio
                0x24000008        0x4 ./Drivers/STM32H7xx_HAL_Driver/stm32h7xx_hal.o
                0x24000008                uwTickPrio
 .data.uwTickFreq
                0x2400000c        0x1 ./Drivers/STM32H7xx_HAL_Driver/stm32h7xx_hal.o
                0x2400000c                uwTickFreq
 *fill*         0x2400000d        0x3 
 .data.uxCriticalNesting
                0x24000010        0x4 ./Middlewares/Third_Party/FreeRTOS/port.o
 *(.RamFunc)
 *(.RamFunc*)
                0x24000014                        . = ALIGN (0x4)
                0x24000014                        _edata = .

.igot.plt       0x24000014        0x0 load address 0x0800883c
 .igot.plt      0x24000014        0x0 C:/ST/STM32CubeIDE_1.16.1/STM32CubeIDE/plugins/com.st.stm32cube.ide.mcu.externaltools.gnu-tools-for-stm32.13.3.rel1.win32_1.0.0.202411081344/tools/bin/../lib/gcc/arm-none-eabi/13.3.1/thumb/v7e-m+dp/hard/crtbegin.o
                0x24000014                        . = ALIGN (0x4)

.bss            0x24000014     0x4aac load address 0x0800883c
                0x24000014                        _sbss = .
                0x24000014                        __bss_start__ = _sbss
 *(.bss)
 .bss           0x24000014       0x1c C:/ST/STM32CubeIDE_1.16.1/STM32CubeIDE/plugins/com.st.stm32cube.ide.mcu.externaltools.gnu-tools-for-stm32.13.3.rel1.win32_1.0.0.202411081344/tools/bin/../lib/gcc/arm-none-eabi/13.3.1/thumb/v7e-m+dp/hard/crtbegin.o
 *(.bss*)
 .bss.huart1    0x24000030       0x94 ./Core/Src/main.o
                0x24000030                huart1
 .bss.huart2    0x240000c4       0x94 ./Core/Src/main.o
                0x240000c4                huart2
 .bss.workerTaskHandle
                0x24000158        0x4 ./Core/Src/main.o
                0x24000158                workerTaskHandle
 .bss.ledTaskHandle
                0x2400015c        0x4 ./Core/Src/main.o
                0x2400015c                ledTaskHandle
 .bss.uart1TaskHandle
                0x24000160        0x4 ./Core/Src/main.o
                0x24000160                uart1TaskHandle
 .bss.ledCmdQueueHandle
                0x24000164        0x4 ./Core/Src/main.o
                0x24000164                ledCmdQueueHandle
 .bss.uart1RxDMAQueueHandle
                0x24000168        0x4 ./Core/Src/main.o
                0x24000168                uart1RxDMAQueueHandle
 .bss.uwTick    0x2400016c        0x4 ./Drivers/STM32H7xx_HAL_Driver/stm32h7xx_hal.o
                0x2400016c                uwTick
 .bss.KernelState
                0x24000170        0x4 ./Middlewares/Third_Party/FreeRTOS/cmsis_os2.o
 .bss.Idle_TCB.3
                0x24000174       0x5c ./Middlewares/Third_Party/FreeRTOS/cmsis_os2.o
 .bss.Idle_Stack.2
                0x240001d0      0x200 ./Middlewares/Third_Party/FreeRTOS/cmsis_os2.o
 .bss.Timer_TCB.1
                0x240003d0       0x5c ./Middlewares/Third_Party/FreeRTOS/cmsis_os2.o
 .bss.Timer_Stack.0
                0x2400042c      0x400 ./Middlewares/Third_Party/FreeRTOS/cmsis_os2.o
 .bss.ucHeap    0x2400082c     0x3c00 ./Middlewares/Third_Party/FreeRTOS/heap_4.o
 .bss.xStart    0x2400442c        0x8 ./Middlewares/Third_Party/FreeRTOS/heap_4.o
 .bss.pxEnd     0x24004434        0x4 ./Middlewares/Third_Party/FreeRTOS/heap_4.o
 .bss.xFreeBytesRemaining
                0x24004438        0x4 ./Middlewares/Third_Party/FreeRTOS/heap_4.o
 .bss.xMinimumEverFreeBytesRemaining
                0x2400443c        0x4 ./Middlewares/Third_Party/FreeRTOS/heap_4.o
 .bss.xNumberOfSuccessfulAllocations
                0x24004440        0x4 ./Middlewares/Third_Party/FreeRTOS/heap_4.o
 .bss.xNumberOfSuccessfulFrees
                0x24004444        0x4 ./Middlewares/Third_Party/FreeRTOS/heap_4.o
 .bss.xBlockAllocatedBit
                0x24004448        0x4 ./Middlewares/Third_Party/FreeRTOS/heap_4.o
 .bss.ucMaxSysCallPriority
                0x2400444c        0x1 ./Middlewares/Third_Party/FreeRTOS/port.o
 *fill*         0x2400444d        0x3 
 .bss.ulMaxPRIGROUPValue
                0x24004450        0x4 ./Middlewares/Third_Party/FreeRTOS/port.o
 .bss.xQueueRegistry
                0x24004454       0x40 ./Middlewares/Third_Party/FreeRTOS/queue.o
                0x24004454                xQueueRegistry
 .bss.pxCurrentTCB
                0x24004494        0x4 ./Middlewares/Third_Party/FreeRTOS/tasks.o
                0x24004494                pxCurrentTCB
 .bss.pxReadyTasksLists
                0x24004498      0x460 ./Middlewares/Third_Party/FreeRTOS/tasks.o
 .bss.xDelayedTaskList1
                0x240048f8       0x14 ./Middlewares/Third_Party/FreeRTOS/tasks.o
 .bss.xDelayedTaskList2
                0x2400490c       0x14 ./Middlewares/Third_Party/FreeRTOS/tasks.o
 .bss.pxDelayedTaskList
                0x24004920        0x4 ./Middlewares/Third_Party/FreeRTOS/tasks.o
 .bss.pxOverflowDelayedTaskList
                0x24004924        0x4 ./Middlewares/Third_Party/FreeRTOS/tasks.o
 .bss.xPendingReadyList
                0x24004928       0x14 ./Middlewares/Third_Party/FreeRTOS/tasks.o
 .bss.xTasksWaitingTermination
                0x2400493c       0x14 ./Middlewares/Third_Party/FreeRTOS/tasks.o
 .bss.uxDeletedTasksWaitingCleanUp
                0x24004950        0x4 ./Middlewares/Third_Party/FreeRTOS/tasks.o
 .bss.xSuspendedTaskList
                0x24004954       0x14 ./Middlewares/Third_Party/FreeRTOS/tasks.o
 .bss.uxCurrentNumberOfTasks
                0x24004968        0x4 ./Middlewares/Third_Party/FreeRTOS/tasks.o
 .bss.xTickCount
                0x2400496c        0x4 ./Middlewares/Third_Party/FreeRTOS/tasks.o
 .bss.uxTopReadyPriority
                0x24004970        0x4 ./Middlewares/Third_Party/FreeRTOS/tasks.o
 .bss.xSchedulerRunning
                0x24004974        0x4 ./Middlewares/Third_Party/FreeRTOS/tasks.o
 .bss.xPendedTicks
                0x24004978        0x4 ./Middlewares/Third_Party/FreeRTOS/tasks.o
 .bss.xYieldPending
                0x2400497c        0x4 ./Middlewares/Third_Party/FreeRTOS/tasks.o
 .bss.xNumOfOverflows
                0x24004980        0x4 ./Middlewares/Third_Party/FreeRTOS/tasks.o
 .bss.uxTaskNumber
                0x24004984        0x4 ./Middlewares/Third_Party/FreeRTOS/tasks.o
 .bss.xNextTaskUnblockTime
                0x24004988        0x4 ./Middlewares/Third_Party/FreeRTOS/tasks.o
 .bss.xIdleTaskHandle
                0x2400498c        0x4 ./Middlewares/Third_Party/FreeRTOS/tasks.o
 .bss.uxSchedulerSuspended
                0x24004990        0x4 ./Middlewares/Third_Party/FreeRTOS/tasks.o
 .bss.xActiveTimerList1
                0x24004994       0x14 ./Middlewares/Third_Party/FreeRTOS/timers.o
 .bss.xActiveTimerList2
                0x240049a8       0x14 ./Middlewares/Third_Party/FreeRTOS/timers.o
 .bss.pxCurrentTimerList
                0x240049bc        0x4 ./Middlewares/Third_Party/FreeRTOS/timers.o
 .bss.pxOverflowTimerList
                0x240049c0        0x4 ./Middlewares/Third_Party/FreeRTOS/timers.o
 .bss.xTimerQueue
                0x240049c4        0x4 ./Middlewares/Third_Party/FreeRTOS/timers.o
 .bss.xTimerTaskHandle
                0x240049c8        0x4 ./Middlewares/Third_Party/FreeRTOS/timers.o
 .bss.xLastTime.2
                0x240049cc        0x4 ./Middlewares/Third_Party/FreeRTOS/timers.o
 .bss.ucStaticTimerQueueStorage.1
                0x240049d0       0xa0 ./Middlewares/Third_Party/FreeRTOS/timers.o
 .bss.xStaticTimerQueue.0
                0x24004a70       0x50 ./Middlewares/Third_Party/FreeRTOS/timers.o
 *(COMMON)
                0x24004ac0                        . = ALIGN (0x4)
                0x24004ac0                        _ebss = .
                0x24004ac0                        __bss_end__ = _ebss

._user_heap_stack
                0x24004ac0      0x600 load address 0x0800883c
                0x24004ac0                        . = ALIGN (0x8)
                [!provide]                        PROVIDE (end = .)
                0x24004ac0                        PROVIDE (_end = .)
                0x24004cc0                        . = (. + _Min_Heap_Size)
 *fill*         0x24004ac0      0x200 
                0x240050c0                        . = (. + _Min_Stack_Size)
 *fill*         0x24004cc0      0x400 
                0x240050c0                        . = ALIGN (0x8)

/DISCARD/
 libc.a(*)
 libm.a(*)
 libgcc.a(*)

.ARM.attributes
                0x00000000       0x2e
 *(.ARM.attributes)
 .ARM.attributes
                0x00000000       0x20 C:/ST/STM32CubeIDE_1.16.1/STM32CubeIDE/plugins/com.st.stm32cube.ide.mcu.externaltools.gnu-tools-for-stm32.13.3.rel1.win32_1.0.0.202411081344/tools/bin/../lib/gcc/arm-none-eabi/13.3.1/thumb/v7e-m+dp/hard/crti.o
 .ARM.attributes
                0x00000020       0x32 C:/ST/STM32CubeIDE_1.16.1/STM32CubeIDE/plugins/com.st.stm32cube.ide.mcu.externaltools.gnu-tools-for-stm32.13.3.rel1.win32_1.0.0.202411081344/tools/bin/../lib/gcc/arm-none-eabi/13.3.1/thumb/v7e-m+dp/hard/crtbegin.o
 .ARM.attributes
                0x00000052       0x32 ./Common/Src/system_stm32h7xx_dualcore_boot_cm4_cm7.o
 .ARM.attributes
                0x00000084       0x32 ./Core/Src/main.o
 .ARM.attributes
                0x000000b6       0x32 ./Core/Src/stm32h7xx_hal_msp.o
 .ARM.attributes
                0x000000e8       0x32 ./Core/Src/stm32h7xx_it.o
 .ARM.attributes
                0x0000011a       0x21 ./Core/Startup/startup_stm32h747xihx.o
 .ARM.attributes
                0x0000013b       0x32 ./Drivers/STM32H7xx_HAL_Driver/stm32h7xx_hal.o
 .ARM.attributes
                0x0000016d       0x32 ./Drivers/STM32H7xx_HAL_Driver/stm32h7xx_hal_cortex.o
 .ARM.attributes
                0x0000019f       0x32 ./Drivers/STM32H7xx_HAL_Driver/stm32h7xx_hal_gpio.o
 .ARM.attributes
                0x000001d1       0x32 ./Drivers/STM32H7xx_HAL_Driver/stm32h7xx_hal_hsem.o
 .ARM.attributes
                0x00000203       0x32 ./Drivers/STM32H7xx_HAL_Driver/stm32h7xx_hal_pwr_ex.o
 .ARM.attributes
                0x00000235       0x32 ./Drivers/STM32H7xx_HAL_Driver/stm32h7xx_hal_rcc.o
 .ARM.attributes
                0x00000267       0x32 ./Drivers/STM32H7xx_HAL_Driver/stm32h7xx_hal_rcc_ex.o
 .ARM.attributes
                0x00000299       0x32 ./Drivers/STM32H7xx_HAL_Driver/stm32h7xx_hal_uart.o
 .ARM.attributes
                0x000002cb       0x32 ./Drivers/STM32H7xx_HAL_Driver/stm32h7xx_hal_uart_ex.o
 .ARM.attributes
                0x000002fd       0x32 ./Middlewares/Third_Party/FreeRTOS/cmsis_os2.o
 .ARM.attributes
                0x0000032f       0x32 ./Middlewares/Third_Party/FreeRTOS/heap_4.o
 .ARM.attributes
                0x00000361       0x32 ./Middlewares/Third_Party/FreeRTOS/list.o
 .ARM.attributes
                0x00000393       0x32 ./Middlewares/Third_Party/FreeRTOS/port.o
 .ARM.attributes
                0x000003c5       0x32 ./Middlewares/Third_Party/FreeRTOS/queue.o
 .ARM.attributes
                0x000003f7       0x32 ./Middlewares/Third_Party/FreeRTOS/tasks.o
 .ARM.attributes
                0x00000429       0x32 ./Middlewares/Third_Party/FreeRTOS/timers.o
 .ARM.attributes
                0x0000045b       0x32 C:/ST/STM32CubeIDE_1.16.1/STM32CubeIDE/plugins/com.st.stm32cube.ide.mcu.externaltools.gnu-tools-for-stm32.13.3.rel1.win32_1.0.0.202411081344/tools/bin/../lib/gcc/arm-none-eabi/13.3.1/../../../../arm-none-eabi/lib/thumb/v7e-m+dp/hard\libc_nano.a(libc_a-memset.o)
 .ARM.attributes
                0x0000048d       0x32 C:/ST/STM32CubeIDE_1.16.1/STM32CubeIDE/plugins/com.st.stm32cube.ide.mcu.externaltools.gnu-tools-for-stm32.13.3.rel1.win32_1.0.0.202411081344/tools/bin/../lib/gcc/arm-none-eabi/13.3.1/../../../../arm-none-eabi/lib/thumb/v7e-m+dp/hard\libc_nano.a(libc_a-init.o)
 .ARM.attributes
                0x000004bf       0x32 C:/ST/STM32CubeIDE_1.16.1/STM32CubeIDE/plugins/com.st.stm32cube.ide.mcu.externaltools.gnu-tools-for-stm32.13.3.rel1.win32_1.0.0.202411081344/tools/bin/../lib/gcc/arm-none-eabi/13.3.1/../../../../arm-none-eabi/lib/thumb/v7e-m+dp/hard\libc_nano.a(libc_a-memcpy-stub.o)
 .ARM.attributes
                0x000004f1       0x20 C:/ST/STM32CubeIDE_1.16.1/STM32CubeIDE/plugins/com.st.stm32cube.ide.mcu.externaltools.gnu-tools-for-stm32.13.3.rel1.win32_1.0.0.202411081344/tools/bin/../lib/gcc/arm-none-eabi/13.3.1/thumb/v7e-m+dp/hard\libgcc.a(_aeabi_uldivmod.o)
 .ARM.attributes
                0x00000511       0x32 C:/ST/STM32CubeIDE_1.16.1/STM32CubeIDE/plugins/com.st.stm32cube.ide.mcu.externaltools.gnu-tools-for-stm32.13.3.rel1.win32_1.0.0.202411081344/tools/bin/../lib/gcc/arm-none-eabi/13.3.1/thumb/v7e-m+dp/hard\libgcc.a(_udivmoddi4.o)
 .ARM.attributes
                0x00000543       0x20 C:/ST/STM32CubeIDE_1.16.1/STM32CubeIDE/plugins/com.st.stm32cube.ide.mcu.externaltools.gnu-tools-for-stm32.13.3.rel1.win32_1.0.0.202411081344/tools/bin/../lib/gcc/arm-none-eabi/13.3.1/thumb/v7e-m+dp/hard\libgcc.a(_dvmd_tls.o)
 .ARM.attributes
                0x00000563       0x20 C:/ST/STM32CubeIDE_1.16.1/STM32CubeIDE/plugins/com.st.stm32cube.ide.mcu.externaltools.gnu-tools-for-stm32.13.3.rel1.win32_1.0.0.202411081344/tools/bin/../lib/gcc/arm-none-eabi/13.3.1/thumb/v7e-m+dp/hard/crtn.o
OUTPUT(STM32H747I-DISCO-scratch2_CM7.elf elf32-littlearm)
LOAD linker stubs
LOAD C:/ST/STM32CubeIDE_1.16.1/STM32CubeIDE/plugins/com.st.stm32cube.ide.mcu.externaltools.gnu-tools-for-stm32.13.3.rel1.win32_1.0.0.202411081344/tools/bin/../lib/gcc/arm-none-eabi/13.3.1/../../../../arm-none-eabi/lib/thumb/v7e-m+dp/hard\libc.a
LOAD C:/ST/STM32CubeIDE_1.16.1/STM32CubeIDE/plugins/com.st.stm32cube.ide.mcu.externaltools.gnu-tools-for-stm32.13.3.rel1.win32_1.0.0.202411081344/tools/bin/../lib/gcc/arm-none-eabi/13.3.1/../../../../arm-none-eabi/lib/thumb/v7e-m+dp/hard\libm.a
LOAD C:/ST/STM32CubeIDE_1.16.1/STM32CubeIDE/plugins/com.st.stm32cube.ide.mcu.externaltools.gnu-tools-for-stm32.13.3.rel1.win32_1.0.0.202411081344/tools/bin/../lib/gcc/arm-none-eabi/13.3.1/thumb/v7e-m+dp/hard\libgcc.a

.debug_info     0x00000000    0x1a42e
 .debug_info    0x00000000      0xe73 ./Common/Src/system_stm32h7xx_dualcore_boot_cm4_cm7.o
 .debug_info    0x00000e73     0x1c4e ./Core/Src/main.o
 .debug_info    0x00002ac1     0x1496 ./Core/Src/stm32h7xx_hal_msp.o
 .debug_info    0x00003f57      0x129 ./Core/Src/stm32h7xx_it.o
 .debug_info    0x00004080       0x30 ./Core/Startup/startup_stm32h747xihx.o
 .debug_info    0x000040b0     0x177a ./Drivers/STM32H7xx_HAL_Driver/stm32h7xx_hal.o
 .debug_info    0x0000582a     0x10d5 ./Drivers/STM32H7xx_HAL_Driver/stm32h7xx_hal_cortex.o
 .debug_info    0x000068ff      0xd06 ./Drivers/STM32H7xx_HAL_Driver/stm32h7xx_hal_gpio.o
 .debug_info    0x00007605      0x3d3 ./Drivers/STM32H7xx_HAL_Driver/stm32h7xx_hal_hsem.o
 .debug_info    0x000079d8     0x1225 ./Drivers/STM32H7xx_HAL_Driver/stm32h7xx_hal_pwr_ex.o
 .debug_info    0x00008bfd      0xe67 ./Drivers/STM32H7xx_HAL_Driver/stm32h7xx_hal_rcc.o
 .debug_info    0x00009a64     0x130f ./Drivers/STM32H7xx_HAL_Driver/stm32h7xx_hal_rcc_ex.o
 .debug_info    0x0000ad73     0x4b1d ./Drivers/STM32H7xx_HAL_Driver/stm32h7xx_hal_uart.o
 .debug_info    0x0000f890      0xfbf ./Drivers/STM32H7xx_HAL_Driver/stm32h7xx_hal_uart_ex.o
 .debug_info    0x0001084f     0x3d90 ./Middlewares/Third_Party/FreeRTOS/cmsis_os2.o
 .debug_info    0x000145df      0x4d5 ./Middlewares/Third_Party/FreeRTOS/heap_4.o
 .debug_info    0x00014ab4      0x2af ./Middlewares/Third_Party/FreeRTOS/list.o
 .debug_info    0x00014d63      0x4de ./Middlewares/Third_Party/FreeRTOS/port.o
 .debug_info    0x00015241     0x1b79 ./Middlewares/Third_Party/FreeRTOS/queue.o
 .debug_info    0x00016dba     0x21ec ./Middlewares/Third_Party/FreeRTOS/tasks.o
 .debug_info    0x00018fa6     0x1488 ./Middlewares/Third_Party/FreeRTOS/timers.o

.debug_abbrev   0x00000000     0x3417
 .debug_abbrev  0x00000000      0x165 ./Common/Src/system_stm32h7xx_dualcore_boot_cm4_cm7.o
 .debug_abbrev  0x00000165      0x315 ./Core/Src/main.o
 .debug_abbrev  0x0000047a      0x20c ./Core/Src/stm32h7xx_hal_msp.o
 .debug_abbrev  0x00000686       0xaa ./Core/Src/stm32h7xx_it.o
 .debug_abbrev  0x00000730       0x24 ./Core/Startup/startup_stm32h747xihx.o
 .debug_abbrev  0x00000754      0x295 ./Drivers/STM32H7xx_HAL_Driver/stm32h7xx_hal.o
 .debug_abbrev  0x000009e9      0x339 ./Drivers/STM32H7xx_HAL_Driver/stm32h7xx_hal_cortex.o
 .debug_abbrev  0x00000d22      0x205 ./Drivers/STM32H7xx_HAL_Driver/stm32h7xx_hal_gpio.o
 .debug_abbrev  0x00000f27      0x1d3 ./Drivers/STM32H7xx_HAL_Driver/stm32h7xx_hal_hsem.o
 .debug_abbrev  0x000010fa      0x2d7 ./Drivers/STM32H7xx_HAL_Driver/stm32h7xx_hal_pwr_ex.o
 .debug_abbrev  0x000013d1      0x2c8 ./Drivers/STM32H7xx_HAL_Driver/stm32h7xx_hal_rcc.o
 .debug_abbrev  0x00001699      0x269 ./Drivers/STM32H7xx_HAL_Driver/stm32h7xx_hal_rcc_ex.o
 .debug_abbrev  0x00001902      0x33d ./Drivers/STM32H7xx_HAL_Driver/stm32h7xx_hal_uart.o
 .debug_abbrev  0x00001c3f      0x2d2 ./Drivers/STM32H7xx_HAL_Driver/stm32h7xx_hal_uart_ex.o
 .debug_abbrev  0x00001f11      0x50a ./Middlewares/Third_Party/FreeRTOS/cmsis_os2.o
 .debug_abbrev  0x0000241b      0x21d ./Middlewares/Third_Party/FreeRTOS/heap_4.o
 .debug_abbrev  0x00002638       0xf5 ./Middlewares/Third_Party/FreeRTOS/list.o
 .debug_abbrev  0x0000272d      0x25c ./Middlewares/Third_Party/FreeRTOS/port.o
 .debug_abbrev  0x00002989      0x3b6 ./Middlewares/Third_Party/FreeRTOS/queue.o
 .debug_abbrev  0x00002d3f      0x386 ./Middlewares/Third_Party/FreeRTOS/tasks.o
 .debug_abbrev  0x000030c5      0x352 ./Middlewares/Third_Party/FreeRTOS/timers.o

.debug_aranges  0x00000000     0x1330
 .debug_aranges
                0x00000000       0x30 ./Common/Src/system_stm32h7xx_dualcore_boot_cm4_cm7.o
 .debug_aranges
                0x00000030       0x68 ./Core/Src/main.o
 .debug_aranges
                0x00000098       0x30 ./Core/Src/stm32h7xx_hal_msp.o
 .debug_aranges
                0x000000c8       0x50 ./Core/Src/stm32h7xx_it.o
 .debug_aranges
                0x00000118       0x28 ./Core/Startup/startup_stm32h747xihx.o
 .debug_aranges
                0x00000140      0x200 ./Drivers/STM32H7xx_HAL_Driver/stm32h7xx_hal.o
 .debug_aranges
                0x00000340      0x130 ./Drivers/STM32H7xx_HAL_Driver/stm32h7xx_hal_cortex.o
 .debug_aranges
                0x00000470       0x58 ./Drivers/STM32H7xx_HAL_Driver/stm32h7xx_hal_gpio.o
 .debug_aranges
                0x000004c8       0x70 ./Drivers/STM32H7xx_HAL_Driver/stm32h7xx_hal_hsem.o
 .debug_aranges
                0x00000538      0x170 ./Drivers/STM32H7xx_HAL_Driver/stm32h7xx_hal_pwr_ex.o
 .debug_aranges
                0x000006a8       0x88 ./Drivers/STM32H7xx_HAL_Driver/stm32h7xx_hal_rcc.o
 .debug_aranges
                0x00000730      0x100 ./Drivers/STM32H7xx_HAL_Driver/stm32h7xx_hal_rcc_ex.o
 .debug_aranges
                0x00000830      0x248 ./Drivers/STM32H7xx_HAL_Driver/stm32h7xx_hal_uart.o
 .debug_aranges
                0x00000a78       0xa8 ./Drivers/STM32H7xx_HAL_Driver/stm32h7xx_hal_uart_ex.o
 .debug_aranges
                0x00000b20      0x2a8 ./Middlewares/Third_Party/FreeRTOS/cmsis_os2.o
 .debug_aranges
                0x00000dc8       0x58 ./Middlewares/Third_Party/FreeRTOS/heap_4.o
 .debug_aranges
                0x00000e20       0x40 ./Middlewares/Third_Party/FreeRTOS/list.o
 .debug_aranges
                0x00000e60       0x80 ./Middlewares/Third_Party/FreeRTOS/port.o
 .debug_aranges
                0x00000ee0      0x158 ./Middlewares/Third_Party/FreeRTOS/queue.o
 .debug_aranges
                0x00001038      0x208 ./Middlewares/Third_Party/FreeRTOS/tasks.o
 .debug_aranges
                0x00001240       0xf0 ./Middlewares/Third_Party/FreeRTOS/timers.o

.debug_rnglists
                0x00000000      0xec2
 .debug_rnglists
                0x00000000       0x21 ./Common/Src/system_stm32h7xx_dualcore_boot_cm4_cm7.o
 .debug_rnglists
                0x00000021       0x4e ./Core/Src/main.o
 .debug_rnglists
                0x0000006f       0x20 ./Core/Src/stm32h7xx_hal_msp.o
 .debug_rnglists
                0x0000008f       0x37 ./Core/Src/stm32h7xx_it.o
 .debug_rnglists
                0x000000c6       0x19 ./Core/Startup/startup_stm32h747xihx.o
 .debug_rnglists
                0x000000df      0x180 ./Drivers/STM32H7xx_HAL_Driver/stm32h7xx_hal.o
 .debug_rnglists
                0x0000025f       0xe0 ./Drivers/STM32H7xx_HAL_Driver/stm32h7xx_hal_cortex.o
 .debug_rnglists
                0x0000033f       0x3f ./Drivers/STM32H7xx_HAL_Driver/stm32h7xx_hal_gpio.o
 .debug_rnglists
                0x0000037e       0x4f ./Drivers/STM32H7xx_HAL_Driver/stm32h7xx_hal_hsem.o
 .debug_rnglists
                0x000003cd      0x117 ./Drivers/STM32H7xx_HAL_Driver/stm32h7xx_hal_pwr_ex.o
 .debug_rnglists
                0x000004e4       0x68 ./Drivers/STM32H7xx_HAL_Driver/stm32h7xx_hal_rcc.o
 .debug_rnglists
                0x0000054c       0xc6 ./Drivers/STM32H7xx_HAL_Driver/stm32h7xx_hal_rcc_ex.o
 .debug_rnglists
                0x00000612      0x1fa ./Drivers/STM32H7xx_HAL_Driver/stm32h7xx_hal_uart.o
 .debug_rnglists
                0x0000080c       0x7f ./Drivers/STM32H7xx_HAL_Driver/stm32h7xx_hal_uart_ex.o
 .debug_rnglists
                0x0000088b      0x20c ./Middlewares/Third_Party/FreeRTOS/cmsis_os2.o
 .debug_rnglists
                0x00000a97       0x42 ./Middlewares/Third_Party/FreeRTOS/heap_4.o
 .debug_rnglists
                0x00000ad9       0x2b ./Middlewares/Third_Party/FreeRTOS/list.o
 .debug_rnglists
                0x00000b04       0x5d ./Middlewares/Third_Party/FreeRTOS/port.o
 .debug_rnglists
                0x00000b61      0x109 ./Middlewares/Third_Party/FreeRTOS/queue.o
 .debug_rnglists
                0x00000c6a      0x1a0 ./Middlewares/Third_Party/FreeRTOS/tasks.o
 .debug_rnglists
                0x00000e0a       0xb8 ./Middlewares/Third_Party/FreeRTOS/timers.o

.debug_macro    0x00000000    0x3fbea
 .debug_macro   0x00000000      0x294 ./Common/Src/system_stm32h7xx_dualcore_boot_cm4_cm7.o
 .debug_macro   0x00000294      0xafc ./Common/Src/system_stm32h7xx_dualcore_boot_cm4_cm7.o
 .debug_macro   0x00000d90       0x2e ./Common/Src/system_stm32h7xx_dualcore_boot_cm4_cm7.o
 .debug_macro   0x00000dbe       0x49 ./Common/Src/system_stm32h7xx_dualcore_boot_cm4_cm7.o
 .debug_macro   0x00000e07       0x22 ./Common/Src/system_stm32h7xx_dualcore_boot_cm4_cm7.o
 .debug_macro   0x00000e29       0x8e ./Common/Src/system_stm32h7xx_dualcore_boot_cm4_cm7.o
 .debug_macro   0x00000eb7       0x51 ./Common/Src/system_stm32h7xx_dualcore_boot_cm4_cm7.o
 .debug_macro   0x00000f08      0x103 ./Common/Src/system_stm32h7xx_dualcore_boot_cm4_cm7.o
 .debug_macro   0x0000100b       0x6a ./Common/Src/system_stm32h7xx_dualcore_boot_cm4_cm7.o
 .debug_macro   0x00001075      0x1df ./Common/Src/system_stm32h7xx_dualcore_boot_cm4_cm7.o
 .debug_macro   0x00001254       0x1c ./Common/Src/system_stm32h7xx_dualcore_boot_cm4_cm7.o
 .debug_macro   0x00001270       0x22 ./Common/Src/system_stm32h7xx_dualcore_boot_cm4_cm7.o
 .debug_macro   0x00001292       0xfb ./Common/Src/system_stm32h7xx_dualcore_boot_cm4_cm7.o
 .debug_macro   0x0000138d     0x1305 ./Common/Src/system_stm32h7xx_dualcore_boot_cm4_cm7.o
 .debug_macro   0x00002692      0x11f ./Common/Src/system_stm32h7xx_dualcore_boot_cm4_cm7.o
 .debug_macro   0x000027b1       0x27 ./Common/Src/system_stm32h7xx_dualcore_boot_cm4_cm7.o
 .debug_macro   0x000027d8    0x2ca3c ./Common/Src/system_stm32h7xx_dualcore_boot_cm4_cm7.o
 .debug_macro   0x0002f214       0x6d ./Common/Src/system_stm32h7xx_dualcore_boot_cm4_cm7.o
 .debug_macro   0x0002f281      0x232 ./Common/Src/system_stm32h7xx_dualcore_boot_cm4_cm7.o
 .debug_macro   0x0002f4b3     0x3d79 ./Common/Src/system_stm32h7xx_dualcore_boot_cm4_cm7.o
 .debug_macro   0x0003322c      0x190 ./Common/Src/system_stm32h7xx_dualcore_boot_cm4_cm7.o
 .debug_macro   0x000333bc       0x61 ./Common/Src/system_stm32h7xx_dualcore_boot_cm4_cm7.o
 .debug_macro   0x0003341d       0x29 ./Common/Src/system_stm32h7xx_dualcore_boot_cm4_cm7.o
 .debug_macro   0x00033446       0x43 ./Common/Src/system_stm32h7xx_dualcore_boot_cm4_cm7.o
 .debug_macro   0x00033489       0x34 ./Common/Src/system_stm32h7xx_dualcore_boot_cm4_cm7.o
 .debug_macro   0x000334bd      0x370 ./Common/Src/system_stm32h7xx_dualcore_boot_cm4_cm7.o
 .debug_macro   0x0003382d       0x16 ./Common/Src/system_stm32h7xx_dualcore_boot_cm4_cm7.o
 .debug_macro   0x00033843       0x4a ./Common/Src/system_stm32h7xx_dualcore_boot_cm4_cm7.o
 .debug_macro   0x0003388d       0x34 ./Common/Src/system_stm32h7xx_dualcore_boot_cm4_cm7.o
 .debug_macro   0x000338c1       0x10 ./Common/Src/system_stm32h7xx_dualcore_boot_cm4_cm7.o
 .debug_macro   0x000338d1       0x58 ./Common/Src/system_stm32h7xx_dualcore_boot_cm4_cm7.o
 .debug_macro   0x00033929       0x8e ./Common/Src/system_stm32h7xx_dualcore_boot_cm4_cm7.o
 .debug_macro   0x000339b7       0x1c ./Common/Src/system_stm32h7xx_dualcore_boot_cm4_cm7.o
 .debug_macro   0x000339d3      0x185 ./Common/Src/system_stm32h7xx_dualcore_boot_cm4_cm7.o
 .debug_macro   0x00033b58      0x19b ./Common/Src/system_stm32h7xx_dualcore_boot_cm4_cm7.o
 .debug_macro   0x00033cf3       0x5d ./Common/Src/system_stm32h7xx_dualcore_boot_cm4_cm7.o
 .debug_macro   0x00033d50     0x3ae3 ./Common/Src/system_stm32h7xx_dualcore_boot_cm4_cm7.o
 .debug_macro   0x00037833     0x1095 ./Common/Src/system_stm32h7xx_dualcore_boot_cm4_cm7.o
 .debug_macro   0x000388c8      0x154 ./Common/Src/system_stm32h7xx_dualcore_boot_cm4_cm7.o
 .debug_macro   0x00038a1c      0x130 ./Common/Src/system_stm32h7xx_dualcore_boot_cm4_cm7.o
 .debug_macro   0x00038b4c      0x3c9 ./Common/Src/system_stm32h7xx_dualcore_boot_cm4_cm7.o
 .debug_macro   0x00038f15       0xac ./Common/Src/system_stm32h7xx_dualcore_boot_cm4_cm7.o
 .debug_macro   0x00038fc1      0x72d ./Common/Src/system_stm32h7xx_dualcore_boot_cm4_cm7.o
 .debug_macro   0x000396ee      0x228 ./Common/Src/system_stm32h7xx_dualcore_boot_cm4_cm7.o
 .debug_macro   0x00039916       0x66 ./Common/Src/system_stm32h7xx_dualcore_boot_cm4_cm7.o
 .debug_macro   0x0003997c      0x3c9 ./Common/Src/system_stm32h7xx_dualcore_boot_cm4_cm7.o
 .debug_macro   0x00039d45      0x407 ./Common/Src/system_stm32h7xx_dualcore_boot_cm4_cm7.o
 .debug_macro   0x0003a14c      0x27c ./Common/Src/system_stm32h7xx_dualcore_boot_cm4_cm7.o
 .debug_macro   0x0003a3c8      0x3ca ./Common/Src/system_stm32h7xx_dualcore_boot_cm4_cm7.o
 .debug_macro   0x0003a792      0x4a2 ./Common/Src/system_stm32h7xx_dualcore_boot_cm4_cm7.o
 .debug_macro   0x0003ac34       0x51 ./Common/Src/system_stm32h7xx_dualcore_boot_cm4_cm7.o
 .debug_macro   0x0003ac85       0x4a ./Common/Src/system_stm32h7xx_dualcore_boot_cm4_cm7.o
 .debug_macro   0x0003accf      0x22c ./Common/Src/system_stm32h7xx_dualcore_boot_cm4_cm7.o
 .debug_macro   0x0003aefb       0x67 ./Common/Src/system_stm32h7xx_dualcore_boot_cm4_cm7.o
 .debug_macro   0x0003af62       0xa5 ./Common/Src/system_stm32h7xx_dualcore_boot_cm4_cm7.o
 .debug_macro   0x0003b007      0x218 ./Common/Src/system_stm32h7xx_dualcore_boot_cm4_cm7.o
 .debug_macro   0x0003b21f      0x2ea ./Common/Src/system_stm32h7xx_dualcore_boot_cm4_cm7.o
 .debug_macro   0x0003b509       0x35 ./Common/Src/system_stm32h7xx_dualcore_boot_cm4_cm7.o
 .debug_macro   0x0003b53e      0x693 ./Common/Src/system_stm32h7xx_dualcore_boot_cm4_cm7.o
 .debug_macro   0x0003bbd1       0xa6 ./Common/Src/system_stm32h7xx_dualcore_boot_cm4_cm7.o
 .debug_macro   0x0003bc77      0x7a4 ./Common/Src/system_stm32h7xx_dualcore_boot_cm4_cm7.o
 .debug_macro   0x0003c41b      0x33f ./Core/Src/main.o
 .debug_macro   0x0003c75a      0x169 ./Core/Src/main.o
 .debug_macro   0x0003c8c3       0x66 ./Core/Src/main.o
 .debug_macro   0x0003c929       0x74 ./Core/Src/main.o
 .debug_macro   0x0003c99d       0xdd ./Core/Src/main.o
 .debug_macro   0x0003ca7a      0x2a3 ./Core/Src/stm32h7xx_hal_msp.o
 .debug_macro   0x0003cd1d      0x315 ./Core/Src/stm32h7xx_it.o
 .debug_macro   0x0003d032      0x2be ./Drivers/STM32H7xx_HAL_Driver/stm32h7xx_hal.o
 .debug_macro   0x0003d2f0      0x294 ./Drivers/STM32H7xx_HAL_Driver/stm32h7xx_hal_cortex.o
 .debug_macro   0x0003d584      0x2a8 ./Drivers/STM32H7xx_HAL_Driver/stm32h7xx_hal_gpio.o
 .debug_macro   0x0003d82c      0x2a6 ./Drivers/STM32H7xx_HAL_Driver/stm32h7xx_hal_hsem.o
 .debug_macro   0x0003dad2      0x2cd ./Drivers/STM32H7xx_HAL_Driver/stm32h7xx_hal_pwr_ex.o
 .debug_macro   0x0003dd9f      0x2b8 ./Drivers/STM32H7xx_HAL_Driver/stm32h7xx_hal_rcc.o
 .debug_macro   0x0003e057      0x2b2 ./Drivers/STM32H7xx_HAL_Driver/stm32h7xx_hal_rcc_ex.o
 .debug_macro   0x0003e309      0x2bf ./Drivers/STM32H7xx_HAL_Driver/stm32h7xx_hal_uart.o
 .debug_macro   0x0003e5c8      0x2a0 ./Drivers/STM32H7xx_HAL_Driver/stm32h7xx_hal_uart_ex.o
 .debug_macro   0x0003e868      0x3f3 ./Middlewares/Third_Party/FreeRTOS/cmsis_os2.o
 .debug_macro   0x0003ec5b       0x10 ./Middlewares/Third_Party/FreeRTOS/cmsis_os2.o
 .debug_macro   0x0003ec6b       0x20 ./Middlewares/Third_Party/FreeRTOS/cmsis_os2.o
 .debug_macro   0x0003ec8b       0x10 ./Middlewares/Third_Party/FreeRTOS/cmsis_os2.o
 .debug_macro   0x0003ec9b       0xf5 ./Middlewares/Third_Party/FreeRTOS/cmsis_os2.o
 .debug_macro   0x0003ed90       0x91 ./Middlewares/Third_Party/FreeRTOS/cmsis_os2.o
 .debug_macro   0x0003ee21       0x8d ./Middlewares/Third_Party/FreeRTOS/cmsis_os2.o
 .debug_macro   0x0003eeae       0x9a ./Middlewares/Third_Party/FreeRTOS/cmsis_os2.o
 .debug_macro   0x0003ef48       0x22 ./Middlewares/Third_Party/FreeRTOS/cmsis_os2.o
 .debug_macro   0x0003ef6a      0x1ae ./Middlewares/Third_Party/FreeRTOS/heap_4.o
 .debug_macro   0x0003f118      0x187 ./Middlewares/Third_Party/FreeRTOS/list.o
 .debug_macro   0x0003f29f      0x196 ./Middlewares/Third_Party/FreeRTOS/port.o
 .debug_macro   0x0003f435      0x216 ./Middlewares/Third_Party/FreeRTOS/queue.o
 .debug_macro   0x0003f64b       0x16 ./Middlewares/Third_Party/FreeRTOS/queue.o
 .debug_macro   0x0003f661       0x87 ./Middlewares/Third_Party/FreeRTOS/queue.o
 .debug_macro   0x0003f6e8      0x27f ./Middlewares/Third_Party/FreeRTOS/tasks.o
 .debug_macro   0x0003f967       0x10 ./Middlewares/Third_Party/FreeRTOS/tasks.o
 .debug_macro   0x0003f977      0x1dc ./Middlewares/Third_Party/FreeRTOS/timers.o
 .debug_macro   0x0003fb53       0x97 ./Middlewares/Third_Party/FreeRTOS/timers.o

.debug_line     0x00000000    0x17509
 .debug_line    0x00000000      0xb3e ./Common/Src/system_stm32h7xx_dualcore_boot_cm4_cm7.o
 .debug_line    0x00000b3e      0xd07 ./Core/Src/main.o
 .debug_line    0x00001845      0x971 ./Core/Src/stm32h7xx_hal_msp.o
 .debug_line    0x000021b6      0xa54 ./Core/Src/stm32h7xx_it.o
 .debug_line    0x00002c0a       0x7b ./Core/Startup/startup_stm32h747xihx.o
 .debug_line    0x00002c85     0x1052 ./Drivers/STM32H7xx_HAL_Driver/stm32h7xx_hal.o
 .debug_line    0x00003cd7      0xee9 ./Drivers/STM32H7xx_HAL_Driver/stm32h7xx_hal_cortex.o
 .debug_line    0x00004bc0      0xd7c ./Drivers/STM32H7xx_HAL_Driver/stm32h7xx_hal_gpio.o
 .debug_line    0x0000593c      0xa91 ./Drivers/STM32H7xx_HAL_Driver/stm32h7xx_hal_hsem.o
 .debug_line    0x000063cd     0x11bc ./Drivers/STM32H7xx_HAL_Driver/stm32h7xx_hal_pwr_ex.o
 .debug_line    0x00007589     0x159a ./Drivers/STM32H7xx_HAL_Driver/stm32h7xx_hal_rcc.o
 .debug_line    0x00008b23     0x1ef1 ./Drivers/STM32H7xx_HAL_Driver/stm32h7xx_hal_rcc_ex.o
 .debug_line    0x0000aa14     0x397a ./Drivers/STM32H7xx_HAL_Driver/stm32h7xx_hal_uart.o
 .debug_line    0x0000e38e      0xe89 ./Drivers/STM32H7xx_HAL_Driver/stm32h7xx_hal_uart_ex.o
 .debug_line    0x0000f217     0x25a0 ./Middlewares/Third_Party/FreeRTOS/cmsis_os2.o
 .debug_line    0x000117b7      0xa0f ./Middlewares/Third_Party/FreeRTOS/heap_4.o
 .debug_line    0x000121c6      0x7f8 ./Middlewares/Third_Party/FreeRTOS/list.o
 .debug_line    0x000129be      0x8be ./Middlewares/Third_Party/FreeRTOS/port.o
 .debug_line    0x0001327c     0x1769 ./Middlewares/Third_Party/FreeRTOS/queue.o
 .debug_line    0x000149e5     0x1cec ./Middlewares/Third_Party/FreeRTOS/tasks.o
 .debug_line    0x000166d1      0xe38 ./Middlewares/Third_Party/FreeRTOS/timers.o

.debug_str      0x00000000   0x19fefe
 .debug_str     0x00000000   0x19fefe ./Common/Src/system_stm32h7xx_dualcore_boot_cm4_cm7.o
                             0x190cf7 (size before relaxing)
 .debug_str     0x0019fefe   0x196930 ./Core/Src/main.o
 .debug_str     0x0019fefe   0x191e2d ./Core/Src/stm32h7xx_hal_msp.o
 .debug_str     0x0019fefe   0x1947c3 ./Core/Src/stm32h7xx_it.o
 .debug_str     0x0019fefe       0xb7 ./Core/Startup/startup_stm32h747xihx.o
 .debug_str     0x0019fefe   0x191d5e ./Drivers/STM32H7xx_HAL_Driver/stm32h7xx_hal.o
 .debug_str     0x0019fefe   0x1915c5 ./Drivers/STM32H7xx_HAL_Driver/stm32h7xx_hal_cortex.o
 .debug_str     0x0019fefe   0x190c56 ./Drivers/STM32H7xx_HAL_Driver/stm32h7xx_hal_gpio.o
 .debug_str     0x0019fefe   0x1908e1 ./Drivers/STM32H7xx_HAL_Driver/stm32h7xx_hal_hsem.o
 .debug_str     0x0019fefe   0x191161 ./Drivers/STM32H7xx_HAL_Driver/stm32h7xx_hal_pwr_ex.o
 .debug_str     0x0019fefe   0x190fd7 ./Drivers/STM32H7xx_HAL_Driver/stm32h7xx_hal_rcc.o
 .debug_str     0x0019fefe   0x19151e ./Drivers/STM32H7xx_HAL_Driver/stm32h7xx_hal_rcc_ex.o
 .debug_str     0x0019fefe   0x191b05 ./Drivers/STM32H7xx_HAL_Driver/stm32h7xx_hal_uart.o
 .debug_str     0x0019fefe   0x1910c5 ./Drivers/STM32H7xx_HAL_Driver/stm32h7xx_hal_uart_ex.o
 .debug_str     0x0019fefe   0x1987ff ./Middlewares/Third_Party/FreeRTOS/cmsis_os2.o
 .debug_str     0x0019fefe     0xb662 ./Middlewares/Third_Party/FreeRTOS/heap_4.o
 .debug_str     0x0019fefe     0xad20 ./Middlewares/Third_Party/FreeRTOS/list.o
 .debug_str     0x0019fefe     0x88c6 ./Middlewares/Third_Party/FreeRTOS/port.o
 .debug_str     0x0019fefe     0xc860 ./Middlewares/Third_Party/FreeRTOS/queue.o
 .debug_str     0x0019fefe     0xd31d ./Middlewares/Third_Party/FreeRTOS/tasks.o
 .debug_str     0x0019fefe     0xcd92 ./Middlewares/Third_Party/FreeRTOS/timers.o

.comment        0x00000000       0x43
 .comment       0x00000000       0x43 ./Common/Src/system_stm32h7xx_dualcore_boot_cm4_cm7.o
                                 0x44 (size before relaxing)
 .comment       0x00000043       0x44 ./Core/Src/main.o
 .comment       0x00000043       0x44 ./Core/Src/stm32h7xx_hal_msp.o
 .comment       0x00000043       0x44 ./Core/Src/stm32h7xx_it.o
 .comment       0x00000043       0x44 ./Drivers/STM32H7xx_HAL_Driver/stm32h7xx_hal.o
 .comment       0x00000043       0x44 ./Drivers/STM32H7xx_HAL_Driver/stm32h7xx_hal_cortex.o
 .comment       0x00000043       0x44 ./Drivers/STM32H7xx_HAL_Driver/stm32h7xx_hal_gpio.o
 .comment       0x00000043       0x44 ./Drivers/STM32H7xx_HAL_Driver/stm32h7xx_hal_hsem.o
 .comment       0x00000043       0x44 ./Drivers/STM32H7xx_HAL_Driver/stm32h7xx_hal_pwr_ex.o
 .comment       0x00000043       0x44 ./Drivers/STM32H7xx_HAL_Driver/stm32h7xx_hal_rcc.o
 .comment       0x00000043       0x44 ./Drivers/STM32H7xx_HAL_Driver/stm32h7xx_hal_rcc_ex.o
 .comment       0x00000043       0x44 ./Drivers/STM32H7xx_HAL_Driver/stm32h7xx_hal_uart.o
 .comment       0x00000043       0x44 ./Drivers/STM32H7xx_HAL_Driver/stm32h7xx_hal_uart_ex.o
 .comment       0x00000043       0x44 ./Middlewares/Third_Party/FreeRTOS/cmsis_os2.o
 .comment       0x00000043       0x44 ./Middlewares/Third_Party/FreeRTOS/heap_4.o
 .comment       0x00000043       0x44 ./Middlewares/Third_Party/FreeRTOS/list.o
 .comment       0x00000043       0x44 ./Middlewares/Third_Party/FreeRTOS/port.o
 .comment       0x00000043       0x44 ./Middlewares/Third_Party/FreeRTOS/queue.o
 .comment       0x00000043       0x44 ./Middlewares/Third_Party/FreeRTOS/tasks.o
 .comment       0x00000043       0x44 ./Middlewares/Third_Party/FreeRTOS/timers.o

.debug_frame    0x00000000     0x4ff8
 .debug_frame   0x00000000       0x78 ./Common/Src/system_stm32h7xx_dualcore_boot_cm4_cm7.o
 .debug_frame   0x00000078      0x14c ./Core/Src/main.o
 .debug_frame   0x000001c4       0x80 ./Core/Src/stm32h7xx_hal_msp.o
 .debug_frame   0x00000244       0xc4 ./Core/Src/stm32h7xx_it.o
 .debug_frame   0x00000308      0x848 ./Drivers/STM32H7xx_HAL_Driver/stm32h7xx_hal.o
 .debug_frame   0x00000b50      0x508 ./Drivers/STM32H7xx_HAL_Driver/stm32h7xx_hal_cortex.o
 .debug_frame   0x00001058      0x14c ./Drivers/STM32H7xx_HAL_Driver/stm32h7xx_hal_gpio.o
 .debug_frame   0x000011a4      0x1bc ./Drivers/STM32H7xx_HAL_Driver/stm32h7xx_hal_hsem.o
 .debug_frame   0x00001360      0x5ec ./Drivers/STM32H7xx_HAL_Driver/stm32h7xx_hal_pwr_ex.o
 .debug_frame   0x0000194c      0x1f8 ./Drivers/STM32H7xx_HAL_Driver/stm32h7xx_hal_rcc.o
 .debug_frame   0x00001b44      0x43c ./Drivers/STM32H7xx_HAL_Driver/stm32h7xx_hal_rcc_ex.o
 .debug_frame   0x00001f80      0xa94 ./Drivers/STM32H7xx_HAL_Driver/stm32h7xx_hal_uart.o
 .debug_frame   0x00002a14      0x2c0 ./Drivers/STM32H7xx_HAL_Driver/stm32h7xx_hal_uart_ex.o
 .debug_frame   0x00002cd4      0xbc8 ./Middlewares/Third_Party/FreeRTOS/cmsis_os2.o
 .debug_frame   0x0000389c      0x12c ./Middlewares/Third_Party/FreeRTOS/heap_4.o
 .debug_frame   0x000039c8       0xd8 ./Middlewares/Third_Party/FreeRTOS/list.o
 .debug_frame   0x00003aa0      0x1a8 ./Middlewares/Third_Party/FreeRTOS/port.o
 .debug_frame   0x00003c48      0x5ec ./Middlewares/Third_Party/FreeRTOS/queue.o
 .debug_frame   0x00004234      0x8f0 ./Middlewares/Third_Party/FreeRTOS/tasks.o
 .debug_frame   0x00004b24      0x400 ./Middlewares/Third_Party/FreeRTOS/timers.o
 .debug_frame   0x00004f24       0x20 C:/ST/STM32CubeIDE_1.16.1/STM32CubeIDE/plugins/com.st.stm32cube.ide.mcu.externaltools.gnu-tools-for-stm32.13.3.rel1.win32_1.0.0.202411081344/tools/bin/../lib/gcc/arm-none-eabi/13.3.1/../../../../arm-none-eabi/lib/thumb/v7e-m+dp/hard\libc_nano.a(libc_a-memset.o)
 .debug_frame   0x00004f44       0x2c C:/ST/STM32CubeIDE_1.16.1/STM32CubeIDE/plugins/com.st.stm32cube.ide.mcu.externaltools.gnu-tools-for-stm32.13.3.rel1.win32_1.0.0.202411081344/tools/bin/../lib/gcc/arm-none-eabi/13.3.1/../../../../arm-none-eabi/lib/thumb/v7e-m+dp/hard\libc_nano.a(libc_a-init.o)
 .debug_frame   0x00004f70       0x28 C:/ST/STM32CubeIDE_1.16.1/STM32CubeIDE/plugins/com.st.stm32cube.ide.mcu.externaltools.gnu-tools-for-stm32.13.3.rel1.win32_1.0.0.202411081344/tools/bin/../lib/gcc/arm-none-eabi/13.3.1/../../../../arm-none-eabi/lib/thumb/v7e-m+dp/hard\libc_nano.a(libc_a-memcpy-stub.o)
 .debug_frame   0x00004f98       0x2c C:/ST/STM32CubeIDE_1.16.1/STM32CubeIDE/plugins/com.st.stm32cube.ide.mcu.externaltools.gnu-tools-for-stm32.13.3.rel1.win32_1.0.0.202411081344/tools/bin/../lib/gcc/arm-none-eabi/13.3.1/thumb/v7e-m+dp/hard\libgcc.a(_aeabi_uldivmod.o)
 .debug_frame   0x00004fc4       0x34 C:/ST/STM32CubeIDE_1.16.1/STM32CubeIDE/plugins/com.st.stm32cube.ide.mcu.externaltools.gnu-tools-for-stm32.13.3.rel1.win32_1.0.0.202411081344/tools/bin/../lib/gcc/arm-none-eabi/13.3.1/thumb/v7e-m+dp/hard\libgcc.a(_udivmoddi4.o)

.debug_line_str
                0x00000000       0x9b
 .debug_line_str
                0x00000000       0x9b ./Core/Startup/startup_stm32h747xihx.o
